114.119.153.15 - - [22/May/2021:16:17:57 +0400] "GET /product/--8MAOA HTTP/1.1" 200 18591 "-" "Mozilla/5.0 (Linux; Android 7.0;) AppleWebKit/537.36 (KHTML, like Gecko) Mobile Safari/537.36 (compatible; PetalBot;+https://webmaster.petalsearch.com/site/petalbot)"
54.36.149.46 - - [22/May/2021:16:20:17 +0400] "GET /product/-4-114-100-10514269---14--Tanex-B29Lx HTTP/1.1" 200 18588 "-" "Mozilla/5.0 (compatible; AhrefsBot/7.0; +http://ahrefs.com/robot/)"
66.249.66.47 - - [22/May/2021:16:20:36 +0400] "GET /public/uploads/products/photos/ATbu0i61rSjB6mDgDAUzoO9vHUkZnShqxi6pruA7.jpeg HTTP/1.1" 200 57738 "-" "Googlebot-Image/1.0"
114.119.133.213 - - [22/May/2021:16:24:19 +0400] "GET /product/--A4--Deli-Stationery-LXA1I HTTP/1.1" 200 18290 "-" "Mozilla/5.0 (Linux; Android 7.0;) AppleWebKit/537.36 (KHTML, like Gecko) Mobile Safari/537.36 (compatible; PetalBot;+https://webmaster.petalsearch.com/site/petalbot)"
114.119.143.119 - - [22/May/2021:16:29:39 +0400] "GET /product/--20-VJYaz HTTP/1.1" 200 18329 "-" "Mozilla/5.0 (Linux; Android 7.0;) AppleWebKit/537.36 (KHTML, like Gecko) Mobile Safari/537.36 (compatible; PetalBot;+https://webmaster.petalsearch.com/site/petalbot)"
157.55.39.141 - - [22/May/2021:16:31:14 +0400] "GET /product/--80x85x105-I2Eqq HTTP/1.1" 200 18593 "-" "Mozilla/5.0 (compatible; bingbot/2.0; +http://www.bing.com/bingbot.htm)"
114.119.131.202 - - [22/May/2021:16:34:34 +0400] "GET /products?page=67 HTTP/1.1" 200 21958 "-" "Mozilla/5.0 (Linux; Android 7.0;) AppleWebKit/537.36 (KHTML, like Gecko) Mobile Safari/537.36 (compatible; PetalBot;+https://webmaster.petalsearch.com/site/petalbot)"
114.119.146.109 - - [22/May/2021:16:40:29 +0400] "GET /product/--121--Deli-Stationery-T1LMF HTTP/1.1" 200 18629 "-" "Mozilla/5.0 (Linux; Android 7.0;) AppleWebKit/537.36 (KHTML, like Gecko) Mobile Safari/537.36 (compatible; PetalBot;+https://webmaster.petalsearch.com/site/petalbot)"
54.36.148.215 - - [22/May/2021:16:41:23 +0400] "GET /products?page=55 HTTP/1.1" 200 21736 "-" "Mozilla/5.0 (compatible; AhrefsBot/7.0; +http://ahrefs.com/robot/)"
114.119.146.109 - - [22/May/2021:16:49:46 +0400] "GET /product/--A4-80-100-GR190-m2qbf HTTP/1.1" 200 18393 "-" "Mozilla/5.0 (Linux; Android 7.0;) AppleWebKit/537.36 (KHTML, like Gecko) Mobile Safari/537.36 (compatible; PetalBot;+https://webmaster.petalsearch.com/site/petalbot)"
157.55.39.129 - - [22/May/2021:16:52:53 +0400] "GET /public/uploads/products/photos/qzXY07qxyvPGVsyoQJKqOLKu5WShbMvB31XrxBOa.png HTTP/1.1" 200 130251 "-" "Mozilla/5.0 (compatible; bingbot/2.0; +http://www.bing.com/bingbot.htm)"
114.119.137.101 - - [22/May/2021:16:56:14 +0400] "GET /product/-Liquid-Glue60ML-COLORFUL-A75100-DELI-dnIxA HTTP/1.1" 200 18581 "-" "Mozilla/5.0 (Linux; Android 7.0;) AppleWebKit/537.36 (KHTML, like Gecko) Mobile Safari/537.36 (compatible; PetalBot;+https://webmaster.petalsearch.com/site/petalbot)"
114.119.150.226 - - [22/May/2021:17:02:50 +0400] "GET /product/--29-160--Deli-Stationery-OBZZZ HTTP/1.1" 200 18396 "-" "Mozilla/5.0 (Linux; Android 7.0;) AppleWebKit/537.36 (KHTML, like Gecko) Mobile Safari/537.36 (compatible; PetalBot;+https://webmaster.petalsearch.com/site/petalbot)"
54.36.148.136 - - [22/May/2021:17:04:10 +0400] "GET /product/-4-115-10070x56---15--Tanex-375zL HTTP/1.1" 200 18575 "-" "Mozilla/5.0 (compatible; AhrefsBot/7.0; +http://ahrefs.com/robot/)"
114.119.150.226 - - [22/May/2021:17:16:33 +0400] "GET /product/--A4-80-100-TARO-274-EnO2i HTTP/1.1" 200 18405 "-" "Mozilla/5.0 (Linux; Android 7.0;) AppleWebKit/537.36 (KHTML, like Gecko) Mobile Safari/537.36 (compatible; PetalBot;+https://webmaster.petalsearch.com/site/petalbot)"
114.119.143.119 - - [22/May/2021:17:23:50 +0400] "GET /products?page=76 HTTP/1.1" 200 21800 "-" "Mozilla/5.0 (Linux; Android 7.0;) AppleWebKit/537.36 (KHTML, like Gecko) Mobile Safari/537.36 (compatible; PetalBot;+https://webmaster.petalsearch.com/site/petalbot)"
66.249.66.53 - - [22/May/2021:17:24:31 +0400] "GET /robots.txt HTTP/1.1" 404 918 "-" "Mozilla/5.0 (compatible; Googlebot/2.1; +http://www.google.com/bot.html)"
66.249.66.53 - - [22/May/2021:17:24:31 +0400] "GET /product/--A4-80-100-BL-180-fTVR9 HTTP/1.1" 200 18391 "-" "Mozilla/5.0 (compatible; Googlebot/2.1; +http://www.google.com/bot.html)"
66.249.66.49 - - [22/May/2021:17:24:38 +0400] "POST /product/variant_price HTTP/1.1" 500 1062 "https://puzzle.ge/product/--A4-80-100-BL-180-fTVR9" "Mozilla/5.0 AppleWebKit/537.36 (KHTML, like Gecko; compatible; Googlebot/2.1; +http://www.google.com/bot.html) Chrome/90.0.4430.97 Safari/537.36"
54.36.148.45 - - [22/May/2021:17:27:34 +0400] "GET /product/-4-11-100-210x297---1--Tanex-t4m7T HTTP/1.1" 200 18585 "-" "Mozilla/5.0 (compatible; AhrefsBot/7.0; +http://ahrefs.com/robot/)"
114.119.133.213 - - [22/May/2021:17:28:05 +0400] "GET /product/-4-165-100-381x212---65--Tanex-uYtEc HTTP/1.1" 200 18579 "-" "Mozilla/5.0 (Linux; Android 7.0;) AppleWebKit/537.36 (KHTML, like Gecko) Mobile Safari/537.36 (compatible; PetalBot;+https://webmaster.petalsearch.com/site/petalbot)"
178.134.146.182 - - [22/May/2021:17:28:24 +0400] "GET /public/uploads/products/photos/YjMwfqp31i1g3fBeBvEPUldhx5kCKeMlR2byVwwF.jpeg HTTP/1.1" 200 78107 "https://www.google.com/" "Mozilla/5.0 (Windows NT 6.1; Win64; x64) AppleWebKit/537.36 (KHTML, like Gecko) Chrome/90.0.4430.212 Safari/537.36"
114.119.143.119 - - [22/May/2021:17:33:27 +0400] "GET /product/--Deli-Stationery-VX0dI HTTP/1.1" 200 18415 "-" "Mozilla/5.0 (Linux; Android 7.0;) AppleWebKit/537.36 (KHTML, like Gecko) Mobile Safari/537.36 (compatible; PetalBot;+https://webmaster.petalsearch.com/site/petalbot)"
66.249.66.59 - - [22/May/2021:17:38:27 +0400] "GET / HTTP/1.1" 200 16231 "-" "Mozilla/5.0 (Linux; Android 6.0.1; Nexus 5X Build/MMB29P) AppleWebKit/537.36 (KHTML, like Gecko) Chrome/90.0.4430.97 Mobile Safari/537.36 (compatible; Googlebot/2.1; +http://www.google.com/bot.html)"
114.119.153.15 - - [22/May/2021:17:41:44 +0400] "GET /search?subcategory=--otiVY&page=2 HTTP/1.1" 200 19664 "-" "Mozilla/5.0 (Linux; Android 7.0;) AppleWebKit/537.36 (KHTML, like Gecko) Mobile Safari/537.36 (compatible; PetalBot;+https://webmaster.petalsearch.com/site/petalbot)"
114.119.135.199 - - [22/May/2021:17:45:35 +0400] "GET /product/---5602-bRGMC HTTP/1.1" 200 17190 "-" "Mozilla/5.0 (Linux; Android 7.0;) AppleWebKit/537.36 (KHTML, like Gecko) Mobile Safari/537.36 (compatible; PetalBot;+https://webmaster.petalsearch.com/site/petalbot)"
54.36.148.1 - - [22/May/2021:17:49:49 +0400] "GET /search?brand=Deli-Stationery&page=63 HTTP/1.1" 200 19054 "-" "Mozilla/5.0 (compatible; AhrefsBot/7.0; +http://ahrefs.com/robot/)"
114.119.143.119 - - [22/May/2021:17:51:48 +0400] "GET /product/---4x100-50x12-j8fXk HTTP/1.1" 200 18453 "-" "Mozilla/5.0 (Linux; Android 7.0;) AppleWebKit/537.36 (KHTML, like Gecko) Mobile Safari/537.36 (compatible; PetalBot;+https://webmaster.petalsearch.com/site/petalbot)"
114.119.150.226 - - [22/May/2021:17:57:34 +0400] "GET /product/-Deli-Stationery-Miyot HTTP/1.1" 200 16952 "-" "Mozilla/5.0 (Linux; Android 7.0;) AppleWebKit/537.36 (KHTML, like Gecko) Mobile Safari/537.36 (compatible; PetalBot;+https://webmaster.petalsearch.com/site/petalbot)"
114.119.143.119 - - [22/May/2021:18:01:35 +0400] "GET /search?subcategory=%E1%83%99%E1%83%90%E1%83%9A%E1%83%90%E1%83%9B%E1%83%98&page=1 HTTP/1.1" 200 21204 "-" "Mozilla/5.0 (Linux; Android 7.0;) AppleWebKit/537.36 (KHTML, like Gecko) Mobile Safari/537.36 (compatible; PetalBot;+https://webmaster.petalsearch.com/site/petalbot)"
114.119.131.202 - - [22/May/2021:18:07:23 +0400] "GET /product/-NP-503-A5-EfNNg HTTP/1.1" 200 18410 "-" "Mozilla/5.0 (Linux; Android 7.0;) AppleWebKit/537.36 (KHTML, like Gecko) Mobile Safari/537.36 (compatible; PetalBot;+https://webmaster.petalsearch.com/site/petalbot)"
157.55.39.99 - - [22/May/2021:18:07:35 +0400] "GET /public/uploads/products/photos/Sk96laKPRK4STUWOm3wSeRJGLVZlGJP5vkT1rY7s.png HTTP/1.1" 200 158619 "-" "Mozilla/5.0 (compatible; bingbot/2.0; +http://www.bing.com/bingbot.htm)"
54.36.149.98 - - [22/May/2021:18:10:34 +0400] "GET /products?page=34 HTTP/1.1" 200 21777 "-" "Mozilla/5.0 (compatible; AhrefsBot/7.0; +http://ahrefs.com/robot/)"
114.119.150.226 - - [22/May/2021:18:12:41 +0400] "GET /search?subcategory=%E1%83%99%E1%83%90%E1%83%9A%E1%83%90%E1%83%9B%E1%83%98&page=5 HTTP/1.1" 200 21160 "-" "Mozilla/5.0 (Linux; Android 7.0;) AppleWebKit/537.36 (KHTML, like Gecko) Mobile Safari/537.36 (compatible; PetalBot;+https://webmaster.petalsearch.com/site/petalbot)"
157.55.39.143 - - [22/May/2021:18:17:25 +0400] "GET /public/uploads/products/photos/T73EC9KarTQlqV3rNWHSQ8XmX9sDoyXUuFD6NQnp.png HTTP/1.1" 200 173151 "-" "Mozilla/5.0 (compatible; bingbot/2.0; +http://www.bing.com/bingbot.htm)"
66.249.66.59 - - [22/May/2021:18:25:00 +0400] "GET /product/--A4-80-100-CHOCOLATE-431-O8qnS HTTP/1.1" 200 18409 "-" "Mozilla/5.0 (compatible; Googlebot/2.1; +http://www.google.com/bot.html)"
66.249.66.57 - - [22/May/2021:18:25:05 +0400] "POST /product/variant_price HTTP/1.1" 500 1062 "https://puzzle.ge/product/--A4-80-100-CHOCOLATE-431-O8qnS" "Mozilla/5.0 AppleWebKit/537.36 (KHTML, like Gecko; compatible; Googlebot/2.1; +http://www.google.com/bot.html) Chrome/90.0.4430.97 Safari/537.36"
114.119.133.213 - - [22/May/2021:18:26:07 +0400] "GET /search?subcategory=Magnifier HTTP/1.1" 200 19210 "-" "Mozilla/5.0 (Linux; Android 7.0;) AppleWebKit/537.36 (KHTML, like Gecko) Mobile Safari/537.36 (compatible; PetalBot;+https://webmaster.petalsearch.com/site/petalbot)"
54.36.149.40 - - [22/May/2021:18:30:20 +0400] "GET / HTTP/1.1" 200 16258 "-" "Mozilla/5.0 (compatible; AhrefsBot/7.0; +http://ahrefs.com/robot/)"
114.119.137.101 - - [22/May/2021:18:32:43 +0400] "GET /product/--lWXEr HTTP/1.1" 200 18031 "-" "Mozilla/5.0 (Linux; Android 7.0;) AppleWebKit/537.36 (KHTML, like Gecko) Mobile Safari/537.36 (compatible; PetalBot;+https://webmaster.petalsearch.com/site/petalbot)"
54.36.149.33 - - [22/May/2021:18:44:51 +0400] "GET / HTTP/1.1" 200 16238 "-" "Mozilla/5.0 (compatible; AhrefsBot/7.0; +http://ahrefs.com/robot/)"
114.119.132.133 - - [22/May/2021:18:46:24 +0400] "GET /product/--7676mm-Deli-Stationery-BZdpr HTTP/1.1" 200 18725 "-" "Mozilla/5.0 (Linux; Android 7.0;) AppleWebKit/537.36 (KHTML, like Gecko) Mobile Safari/537.36 (compatible; PetalBot;+https://webmaster.petalsearch.com/site/petalbot)"
114.119.150.226 - - [22/May/2021:18:47:58 +0400] "GET /product/----Deli-Stationery-KbITy HTTP/1.1" 200 18475 "-" "Mozilla/5.0 (Linux; Android 7.0;) AppleWebKit/537.36 (KHTML, like Gecko) Mobile Safari/537.36 (compatible; PetalBot;+https://webmaster.petalsearch.com/site/petalbot)"
114.119.146.109 - - [22/May/2021:18:53:33 +0400] "GET /product/-175-Deli-Stationery-VMBsm HTTP/1.1" 200 18338 "-" "Mozilla/5.0 (Linux; Android 7.0;) AppleWebKit/537.36 (KHTML, like Gecko) Mobile Safari/537.36 (compatible; PetalBot;+https://webmaster.petalsearch.com/site/petalbot)"
54.36.148.189 - - [22/May/2021:18:59:23 +0400] "GET /product/-12--DELI-STATIONERY-JkPvy HTTP/1.1" 200 18475 "-" "Mozilla/5.0 (compatible; AhrefsBot/7.0; +http://ahrefs.com/robot/)"
114.119.153.15 - - [22/May/2021:18:59:59 +0400] "GET /product/-NA5-80020--eiDpk HTTP/1.1" 200 18666 "-" "Mozilla/5.0 (Linux; Android 7.0;) AppleWebKit/537.36 (KHTML, like Gecko) Mobile Safari/537.36 (compatible; PetalBot;+https://webmaster.petalsearch.com/site/petalbot)"
157.55.39.78 - - [22/May/2021:19:04:18 +0400] "GET /search?subcategory=%E1%83%A9%E1%83%90%E1%83%A1%E1%83%90%E1%83%9C%E1%83%98%E1%83%A8%E1%83%9C%E1%83%98-/-%E1%83%92%E1%83%95%E1%83%94%E1%83%A0%E1%83%93%E1%83%98%E1%83%A1-%E1%83%9B%E1%83%9D%E1%83%A1%E1%83%90%E1%83%9C%E1%83%98%E1%83%A8%E1%83%9C%E1%83%98 HTTP/1.1" 200 21248 "-" "Mozilla/5.0 (compatible; bingbot/2.0; +http://www.bing.com/bingbot.htm)"
114.119.153.137 - - [22/May/2021:19:07:41 +0400] "GET /product/-3oDv5 HTTP/1.1" 200 18612 "-" "Mozilla/5.0 (Linux; Android 7.0;) AppleWebKit/537.36 (KHTML, like Gecko) Mobile Safari/537.36 (compatible; PetalBot;+https://webmaster.petalsearch.com/site/petalbot)"
54.36.148.156 - - [22/May/2021:19:12:10 +0400] "GET /product/-4-116-100-991x34---16--Tanex-gPsLB HTTP/1.1" 200 18582 "-" "Mozilla/5.0 (compatible; AhrefsBot/7.0; +http://ahrefs.com/robot/)"
114.119.137.101 - - [22/May/2021:19:14:22 +0400] "GET /search?category=--d462X&page=1 HTTP/1.1" 200 21258 "-" "Mozilla/5.0 (Linux; Android 7.0;) AppleWebKit/537.36 (KHTML, like Gecko) Mobile Safari/537.36 (compatible; PetalBot;+https://webmaster.petalsearch.com/site/petalbot)"
114.119.146.109 - - [22/May/2021:19:18:14 +0400] "GET /product/-4-18-100991x677---8--Tanex-yoq5B HTTP/1.1" 200 18571 "-" "Mozilla/5.0 (Linux; Android 7.0;) AppleWebKit/537.36 (KHTML, like Gecko) Mobile Safari/537.36 (compatible; PetalBot;+https://webmaster.petalsearch.com/site/petalbot)"
54.36.149.15 - - [22/May/2021:19:25:22 +0400] "GET /product/-102---DELI-STATIONERY-rYXAq HTTP/1.1" 200 18725 "-" "Mozilla/5.0 (compatible; AhrefsBot/7.0; +http://ahrefs.com/robot/)"
114.119.146.109 - - [22/May/2021:19:26:04 +0400] "GET /product/--stRMo HTTP/1.1" 200 18606 "-" "Mozilla/5.0 (Linux; Android 7.0;) AppleWebKit/537.36 (KHTML, like Gecko) Mobile Safari/537.36 (compatible; PetalBot;+https://webmaster.petalsearch.com/site/petalbot)"
114.119.153.137 - - [22/May/2021:19:35:26 +0400] "GET /search?category=-1uHBh&page=30 HTTP/1.1" 200 21086 "-" "Mozilla/5.0 (Linux; Android 7.0;) AppleWebKit/537.36 (KHTML, like Gecko) Mobile Safari/537.36 (compatible; PetalBot;+https://webmaster.petalsearch.com/site/petalbot)"
114.119.143.119 - - [22/May/2021:19:38:02 +0400] "GET /product/--cMefa HTTP/1.1" 200 18543 "-" "Mozilla/5.0 (Linux; Android 7.0;) AppleWebKit/537.36 (KHTML, like Gecko) Mobile Safari/537.36 (compatible; PetalBot;+https://webmaster.petalsearch.com/site/petalbot)"
54.36.148.255 - - [22/May/2021:19:39:19 +0400] "GET /product/-12--DELI-STATIONERY-c4NEK HTTP/1.1" 200 18394 "-" "Mozilla/5.0 (compatible; AhrefsBot/7.0; +http://ahrefs.com/robot/)"
114.119.133.213 - - [22/May/2021:19:42:45 +0400] "GET /product/-4-133-100-635x254---33--Tanex-DFIMS HTTP/1.1" 200 18597 "-" "Mozilla/5.0 (Linux; Android 7.0;) AppleWebKit/537.36 (KHTML, like Gecko) Mobile Safari/537.36 (compatible; PetalBot;+https://webmaster.petalsearch.com/site/petalbot)"
54.36.149.86 - - [22/May/2021:19:43:02 +0400] "GET /product/--Deli-Stationery-7Nkwk HTTP/1.1" 200 18567 "-" "Mozilla/5.0 (compatible; AhrefsBot/7.0; +http://ahrefs.com/robot/)"
114.119.153.15 - - [22/May/2021:19:48:23 +0400] "GET /product/-4B-rj5mI HTTP/1.1" 200 18459 "-" "Mozilla/5.0 (Linux; Android 7.0;) AppleWebKit/537.36 (KHTML, like Gecko) Mobile Safari/537.36 (compatible; PetalBot;+https://webmaster.petalsearch.com/site/petalbot)"
54.36.148.231 - - [22/May/2021:19:52:58 +0400] "GET /product/--76X76-400-T4-400901258-uW1Xm HTTP/1.1" 200 18436 "-" "Mozilla/5.0 (compatible; AhrefsBot/7.0; +http://ahrefs.com/robot/)"
114.119.131.202 - - [22/May/2021:19:54:03 +0400] "GET /products?page=57 HTTP/1.1" 200 21818 "-" "Mozilla/5.0 (Linux; Android 7.0;) AppleWebKit/537.36 (KHTML, like Gecko) Mobile Safari/537.36 (compatible; PetalBot;+https://webmaster.petalsearch.com/site/petalbot)"
114.119.135.199 - - [22/May/2021:20:03:16 +0400] "GET /product/--A4-75-100-R-350-70K3Y HTTP/1.1" 200 18399 "-" "Mozilla/5.0 (Linux; Android 7.0;) AppleWebKit/537.36 (KHTML, like Gecko) Mobile Safari/537.36 (compatible; PetalBot;+https://webmaster.petalsearch.com/site/petalbot)"
54.36.148.210 - - [22/May/2021:20:07:14 +0400] "GET /product/--100-Deli-Stationery-StmJu HTTP/1.1" 200 18720 "-" "Mozilla/5.0 (compatible; AhrefsBot/7.0; +http://ahrefs.com/robot/)"
114.119.132.133 - - [22/May/2021:20:13:03 +0400] "GET /product/---N246-Deli-Stationery-Bq9oU HTTP/1.1" 200 18170 "-" "Mozilla/5.0 (Linux; Android 7.0;) AppleWebKit/537.36 (KHTML, like Gecko) Mobile Safari/537.36 (compatible; PetalBot;+https://webmaster.petalsearch.com/site/petalbot)"
54.36.149.34 - - [22/May/2021:20:22:59 +0400] "GET /search?subcategory=Sculpting-material-knife HTTP/1.1" 200 18106 "-" "Mozilla/5.0 (compatible; AhrefsBot/7.0; +http://ahrefs.com/robot/)"
54.36.149.30 - - [22/May/2021:20:36:05 +0400] "GET /products?page=23 HTTP/1.1" 200 21762 "-" "Mozilla/5.0 (compatible; AhrefsBot/7.0; +http://ahrefs.com/robot/)"
114.119.146.109 - - [22/May/2021:20:40:03 +0400] "GET /search?subcategory=%E1%83%A4%E1%83%90%E1%83%A0%E1%83%92%E1%83%90%E1%83%9A%E1%83%98&page=1 HTTP/1.1" 200 20957 "-" "Mozilla/5.0 (Linux; Android 7.0;) AppleWebKit/537.36 (KHTML, like Gecko) Mobile Safari/537.36 (compatible; PetalBot;+https://webmaster.petalsearch.com/site/petalbot)"
114.119.132.133 - - [22/May/2021:20:45:52 +0400] "GET /product/--YSiUd HTTP/1.1" 200 18127 "-" "Mozilla/5.0 (Linux; Android 7.0;) AppleWebKit/537.36 (KHTML, like Gecko) Mobile Safari/537.36 (compatible; PetalBot;+https://webmaster.petalsearch.com/site/petalbot)"
157.55.39.129 - - [22/May/2021:20:46:12 +0400] "GET /search?subcategory=--A9ttX HTTP/1.1" 200 18121 "-" "Mozilla/5.0 (compatible; bingbot/2.0; +http://www.bing.com/bingbot.htm)"
157.55.39.99 - - [22/May/2021:20:47:12 +0400] "GET /product/-600----Deli-Stationery-Fa4Rz HTTP/1.1" 200 18480 "-" "Mozilla/5.0 (compatible; bingbot/2.0; +http://www.bing.com/bingbot.htm)"
157.55.39.141 - - [22/May/2021:20:47:27 +0400] "GET /public/frontend/js/jodit.min.js HTTP/1.1" 200 115400 "-" "Mozilla/5.0 (compatible; bingbot/2.0; +http://www.bing.com/bingbot.htm)"
157.55.39.57 - - [22/May/2021:20:47:30 +0400] "GET /public/frontend/css/active-shop.css HTTP/1.1" 200 60901 "-" "Mozilla/5.0 (compatible; bingbot/2.0; +http://www.bing.com/bingbot.htm)"
157.55.39.57 - - [22/May/2021:20:47:31 +0400] "GET /public/uploads/products/thumbnail/13mxkYrdb6YJczzHIRb0HvxlJjvgMNIFXl9HdbWv.jpeg HTTP/1.1" 200 99407 "-" "Mozilla/5.0 (compatible; bingbot/2.0; +http://www.bing.com/bingbot.htm)"
157.55.39.141 - - [22/May/2021:20:47:29 +0400] "GET /public/uploads/products/thumbnail/KNqQ2wTImB1TeBCbFSbt9WEM8fg8cIqsbM9ONrHE.png HTTP/1.1" 200 771679 "-" "Mozilla/5.0 (compatible; bingbot/2.0; +http://www.bing.com/bingbot.htm)"
157.55.39.57 - - [22/May/2021:20:47:31 +0400] "GET /public/uploads/products/thumbnail/7WQRrcFeh2vUvHnlpSccg0eUhaIzhYXU2kcLsFTZ.jpeg HTTP/1.1" 200 39533 "-" "Mozilla/5.0 (compatible; bingbot/2.0; +http://www.bing.com/bingbot.htm)"
40.77.167.11 - - [22/May/2021:20:47:34 +0400] "GET /public/frontend/css/line-awesome.min.css HTTP/1.1" 200 6072 "-" "Mozilla/5.0 (compatible; bingbot/2.0; +http://www.bing.com/bingbot.htm)"
40.77.167.11 - - [22/May/2021:20:47:34 +0400] "GET /public/frontend/js/jquery.countdown.min.js HTTP/1.1" 200 2373 "-" "Mozilla/5.0 (compatible; bingbot/2.0; +http://www.bing.com/bingbot.htm)"
40.77.167.11 - - [22/May/2021:20:47:34 +0400] "GET /public/frontend/js/vendor/bootstrap.min.js HTTP/1.1" 200 14005 "-" "Mozilla/5.0 (compatible; bingbot/2.0; +http://www.bing.com/bingbot.htm)"
40.77.167.11 - - [22/May/2021:20:47:35 +0400] "GET /public/uploads/products/thumbnail/YXv5uiHYP0SrTDcThCaBG0Cwm6yWhKs9VzAb570Z.jpeg HTTP/1.1" 200 68928 "-" "Mozilla/5.0 (compatible; bingbot/2.0; +http://www.bing.com/bingbot.htm)"
157.55.39.78 - - [22/May/2021:20:47:39 +0400] "GET /public/css/spectrum.css HTTP/1.1" 200 4020 "-" "Mozilla/5.0 (compatible; bingbot/2.0; +http://www.bing.com/bingbot.htm)"
157.55.39.78 - - [22/May/2021:20:47:40 +0400] "GET /public/frontend/css/jquery.share.css HTTP/1.1" 200 913 "-" "Mozilla/5.0 (compatible; bingbot/2.0; +http://www.bing.com/bingbot.htm)"
157.55.39.78 - - [22/May/2021:20:47:40 +0400] "GET /public/frontend/css/slick.css HTTP/1.1" 200 569 "-" "Mozilla/5.0 (compatible; bingbot/2.0; +http://www.bing.com/bingbot.htm)"
157.55.39.78 - - [22/May/2021:20:47:40 +0400] "GET /public/frontend/js/bootstrap-tagsinput.min.js HTTP/1.1" 200 3212 "-" "Mozilla/5.0 (compatible; bingbot/2.0; +http://www.bing.com/bingbot.htm)"
157.55.39.78 - - [22/May/2021:20:47:40 +0400] "GET /public/frontend/js/fb-script.js HTTP/1.1" 200 294 "-" "Mozilla/5.0 (compatible; bingbot/2.0; +http://www.bing.com/bingbot.htm)"
157.55.39.78 - - [22/May/2021:20:47:41 +0400] "GET /public/frontend/js/nouislider.min.js HTTP/1.1" 200 5316 "-" "Mozilla/5.0 (compatible; bingbot/2.0; +http://www.bing.com/bingbot.htm)"
157.55.39.78 - - [22/May/2021:20:47:41 +0400] "GET /public/frontend/js/slick.min.js HTTP/1.1" 200 10336 "-" "Mozilla/5.0 (compatible; bingbot/2.0; +http://www.bing.com/bingbot.htm)"
157.55.39.78 - - [22/May/2021:20:47:41 +0400] "GET /public/uploads/products/thumbnail/nB62JYL396YJuooTXZ3Ctgm7BQ3QgAcwBUC66kIQ.jpeg HTTP/1.1" 200 71768 "-" "Mozilla/5.0 (compatible; bingbot/2.0; +http://www.bing.com/bingbot.htm)"
157.55.39.129 - - [22/May/2021:20:47:47 +0400] "GET /public/frontend/css/sweetalert2.min.css HTTP/1.1" 200 4210 "-" "Mozilla/5.0 (compatible; bingbot/2.0; +http://www.bing.com/bingbot.htm)"
157.55.39.129 - - [22/May/2021:20:47:48 +0400] "GET /public/frontend/js/active-shop.js HTTP/1.1" 200 6957 "-" "Mozilla/5.0 (compatible; bingbot/2.0; +http://www.bing.com/bingbot.htm)"
157.55.39.129 - - [22/May/2021:20:47:48 +0400] "GET /public/frontend/js/sweetalert2.min.js HTTP/1.1" 200 11088 "-" "Mozilla/5.0 (compatible; bingbot/2.0; +http://www.bing.com/bingbot.htm)"
157.55.39.129 - - [22/May/2021:20:47:48 +0400] "GET /public/uploads/products/thumbnail/pOtNlWGvC2Sij3tAVei5ALPuseV3M4W9rCTnbFam.jpeg HTTP/1.1" 200 58420 "-" "Mozilla/5.0 (compatible; bingbot/2.0; +http://www.bing.com/bingbot.htm)"
157.55.39.50 - - [22/May/2021:20:47:53 +0400] "GET /public/frontend/js/main.js HTTP/1.1" 200 4507 "-" "Mozilla/5.0 (compatible; bingbot/2.0; +http://www.bing.com/bingbot.htm)"
157.55.39.50 - - [22/May/2021:20:47:53 +0400] "GET /public/frontend/js/vendor/jquery.min.js HTTP/1.1" 200 29769 "-" "Mozilla/5.0 (compatible; bingbot/2.0; +http://www.bing.com/bingbot.htm)"
157.55.39.50 - - [22/May/2021:20:47:54 +0400] "GET /public/uploads/products/thumbnail/XVmVzYe0LpHtcq6jkA3jsmAfxPXhcil2TnNDt5N1.jpeg HTTP/1.1" 200 15073 "-" "Mozilla/5.0 (compatible; bingbot/2.0; +http://www.bing.com/bingbot.htm)"
157.55.39.50 - - [22/May/2021:20:47:54 +0400] "GET /public/uploads/products/thumbnail/rPrdM4HWzQfOkV7yWWmWbc98H6eCs3PV7cXZirl5.jpeg HTTP/1.1" 200 8774 "-" "Mozilla/5.0 (compatible; bingbot/2.0; +http://www.bing.com/bingbot.htm)"
157.55.39.141 - - [22/May/2021:20:47:58 +0400] "GET /public/uploads/products/thumbnail/s3itdgRdtJryamFSEqVI13a7OKGSlptYQS5VLA6v.jpeg HTTP/1.1" 200 39677 "-" "Mozilla/5.0 (compatible; bingbot/2.0; +http://www.bing.com/bingbot.htm)"
157.55.39.141 - - [22/May/2021:20:47:58 +0400] "GET /public/uploads/products/thumbnail/w58Oz9OkaCvrb2p3EUKtcBxwwXyt6cGTrWXudGof.jpeg HTTP/1.1" 200 132585 "-" "Mozilla/5.0 (compatible; bingbot/2.0; +http://www.bing.com/bingbot.htm)"
157.55.39.62 - - [22/May/2021:20:48:03 +0400] "GET /public/frontend/js/select2.min.js HTTP/1.1" 200 18962 "-" "Mozilla/5.0 (compatible; bingbot/2.0; +http://www.bing.com/bingbot.htm)"
157.55.39.62 - - [22/May/2021:20:48:04 +0400] "GET /public/uploads/products/thumbnail/CStm1SLsGp74afpqqcORUccmMIvto9yx3S3ZYsn4.png HTTP/1.1" 200 197887 "-" "Mozilla/5.0 (compatible; bingbot/2.0; +http://www.bing.com/bingbot.htm)"
157.55.39.62 - - [22/May/2021:20:48:07 +0400] "GET /public/uploads/products/thumbnail/aSiapIAy2kabV6Tfmd27s6OcMXnI19QTYvtv35UD.jpeg HTTP/1.1" 200 32986 "-" "Mozilla/5.0 (compatible; bingbot/2.0; +http://www.bing.com/bingbot.htm)"
157.55.39.143 - - [22/May/2021:20:48:08 +0400] "GET /public/frontend/css/bootstrap.min.css HTTP/1.1" 200 21005 "-" "Mozilla/5.0 (compatible; bingbot/2.0; +http://www.bing.com/bingbot.htm)"
157.55.39.143 - - [22/May/2021:20:48:08 +0400] "GET /public/frontend/css/colors/2.css HTTP/1.1" 200 3369 "-" "Mozilla/5.0 (compatible; bingbot/2.0; +http://www.bing.com/bingbot.htm)"
157.55.39.143 - - [22/May/2021:20:48:08 +0400] "GET /public/frontend/css/custom-style.css HTTP/1.1" 200 15407 "-" "Mozilla/5.0 (compatible; bingbot/2.0; +http://www.bing.com/bingbot.htm)"
157.55.39.143 - - [22/May/2021:20:48:09 +0400] "GET /public/frontend/css/jodit.min.css HTTP/1.1" 200 17431 "-" "Mozilla/5.0 (compatible; bingbot/2.0; +http://www.bing.com/bingbot.htm)"
157.55.39.143 - - [22/May/2021:20:48:09 +0400] "GET /public/frontend/css/xzoom.css HTTP/1.1" 200 781 "-" "Mozilla/5.0 (compatible; bingbot/2.0; +http://www.bing.com/bingbot.htm)"
157.55.39.143 - - [22/May/2021:20:48:09 +0400] "GET /public/frontend/js/jquery.share.js HTTP/1.1" 200 1786 "-" "Mozilla/5.0 (compatible; bingbot/2.0; +http://www.bing.com/bingbot.htm)"
157.55.39.143 - - [22/May/2021:20:48:09 +0400] "GET /public/frontend/js/vendor/popper.min.js HTTP/1.1" 200 6847 "-" "Mozilla/5.0 (compatible; bingbot/2.0; +http://www.bing.com/bingbot.htm)"
157.55.39.65 - - [22/May/2021:20:48:15 +0400] "GET /public/frontend/css/font-awesome.min.css HTTP/1.1" 200 6930 "-" "Mozilla/5.0 (compatible; bingbot/2.0; +http://www.bing.com/bingbot.htm)"
157.55.39.65 - - [22/May/2021:20:48:15 +0400] "GET /public/frontend/images/icons/user-placeholder.jpg HTTP/1.1" 200 23336 "-" "Mozilla/5.0 (compatible; bingbot/2.0; +http://www.bing.com/bingbot.htm)"
157.55.39.65 - - [22/May/2021:20:48:15 +0400] "GET /public/uploads/products/thumbnail/VorSqZUcid38THSEGVjRCysnbPxfezVMGKAWDByy.jpeg HTTP/1.1" 200 209373 "-" "Mozilla/5.0 (compatible; bingbot/2.0; +http://www.bing.com/bingbot.htm)"
54.36.148.215 - - [22/May/2021:20:49:37 +0400] "GET /product/-4B-9Keg9 HTTP/1.1" 200 18250 "-" "Mozilla/5.0 (compatible; AhrefsBot/7.0; +http://ahrefs.com/robot/)"
114.119.132.133 - - [22/May/2021:20:51:30 +0400] "GET /product/-12--DELI-STATIONERY-SVLZu HTTP/1.1" 200 18391 "-" "Mozilla/5.0 (Linux; Android 7.0;) AppleWebKit/537.36 (KHTML, like Gecko) Mobile Safari/537.36 (compatible; PetalBot;+https://webmaster.petalsearch.com/site/petalbot)"
114.119.135.199 - - [22/May/2021:20:57:07 +0400] "GET /product/---w1HVs HTTP/1.1" 200 18642 "-" "Mozilla/5.0 (Linux; Android 7.0;) AppleWebKit/537.36 (KHTML, like Gecko) Mobile Safari/537.36 (compatible; PetalBot;+https://webmaster.petalsearch.com/site/petalbot)"
114.119.131.202 - - [22/May/2021:21:02:16 +0400] "GET /product/-4-165-100-381x212---65--Tanex-tUL85 HTTP/1.1" 200 18575 "-" "Mozilla/5.0 (Linux; Android 7.0;) AppleWebKit/537.36 (KHTML, like Gecko) Mobile Safari/537.36 (compatible; PetalBot;+https://webmaster.petalsearch.com/site/petalbot)"
54.36.148.191 - - [22/May/2021:21:03:12 +0400] "GET /product/-88PbL HTTP/1.1" 200 18608 "-" "Mozilla/5.0 (compatible; AhrefsBot/7.0; +http://ahrefs.com/robot/)"
54.36.148.215 - - [22/May/2021:21:16:37 +0400] "GET /product/--BVdaK HTTP/1.1" 200 18317 "-" "Mozilla/5.0 (compatible; AhrefsBot/7.0; +http://ahrefs.com/robot/)"
157.55.39.99 - - [22/May/2021:21:18:43 +0400] "GET /public/frontend/css/bootstrap-tagsinput.css HTTP/1.1" 200 468 "-" "Mozilla/5.0 (compatible; bingbot/2.0; +http://www.bing.com/bingbot.htm)"
157.55.39.99 - - [22/May/2021:21:18:43 +0400] "GET /public/frontend/css/fb-style.css HTTP/1.1" 200 281 "-" "Mozilla/5.0 (compatible; bingbot/2.0; +http://www.bing.com/bingbot.htm)"
157.55.39.99 - - [22/May/2021:21:18:43 +0400] "GET /public/frontend/js/xzoom.min.js HTTP/1.1" 200 4622 "-" "Mozilla/5.0 (compatible; bingbot/2.0; +http://www.bing.com/bingbot.htm)"
157.55.39.57 - - [22/May/2021:21:18:47 +0400] "GET /public/frontend/fonts/fontawesome-webfont.woff?v=4.7.0 HTTP/1.1" 200 97913 "-" "Mozilla/5.0 (compatible; bingbot/2.0; +http://www.bing.com/bingbot.htm)"
157.55.39.141 - - [22/May/2021:21:18:52 +0400] "GET /public/frontend/fonts/fontawesome-webfont.ttf?v=4.7.0 HTTP/1.1" 200 98328 "-" "Mozilla/5.0 (compatible; bingbot/2.0; +http://www.bing.com/bingbot.htm)"
157.55.39.129 - - [22/May/2021:21:18:57 +0400] "GET /public/frontend/fonts/line-awesome.woff?v=1.1. HTTP/1.1" 200 57420 "-" "Mozilla/5.0 (compatible; bingbot/2.0; +http://www.bing.com/bingbot.htm)"
157.55.39.78 - - [22/May/2021:21:19:02 +0400] "GET /public/frontend/fonts/line-awesome.ttf?v=1.1. HTTP/1.1" 200 57818 "-" "Mozilla/5.0 (compatible; bingbot/2.0; +http://www.bing.com/bingbot.htm)"
157.55.39.65 - - [22/May/2021:21:19:07 +0400] "GET /public/frontend/fonts/fontawesome-webfont.woff2?v=4.7.0 HTTP/1.1" 200 77162 "-" "Mozilla/5.0 (compatible; bingbot/2.0; +http://www.bing.com/bingbot.htm)"
157.55.39.50 - - [22/May/2021:21:19:13 +0400] "GET /public/frontend/fonts/line-awesome.woff2?v=1.1. HTTP/1.1" 200 45128 "-" "Mozilla/5.0 (compatible; bingbot/2.0; +http://www.bing.com/bingbot.htm)"
114.119.146.109 - - [22/May/2021:21:28:37 +0400] "GET /product/---CyBuq HTTP/1.1" 200 18298 "-" "Mozilla/5.0 (Linux; Android 7.0;) AppleWebKit/537.36 (KHTML, like Gecko) Mobile Safari/537.36 (compatible; PetalBot;+https://webmaster.petalsearch.com/site/petalbot)"
54.36.148.126 - - [22/May/2021:21:29:17 +0400] "GET /product/--07mm-ax8f6 HTTP/1.1" 200 18597 "-" "Mozilla/5.0 (compatible; AhrefsBot/7.0; +http://ahrefs.com/robot/)"
114.119.132.133 - - [22/May/2021:21:45:35 +0400] "GET /product/--Deli-Stationery-gn1ys HTTP/1.1" 200 18385 "-" "Mozilla/5.0 (Linux; Android 7.0;) AppleWebKit/537.36 (KHTML, like Gecko) Mobile Safari/537.36 (compatible; PetalBot;+https://webmaster.petalsearch.com/site/petalbot)"
114.119.153.15 - - [22/May/2021:21:54:17 +0400] "GET /product/-A5-Deli-Stationery-7R5h5 HTTP/1.1" 200 18466 "-" "Mozilla/5.0 (Linux; Android 7.0;) AppleWebKit/537.36 (KHTML, like Gecko) Mobile Safari/537.36 (compatible; PetalBot;+https://webmaster.petalsearch.com/site/petalbot)"
40.77.167.11 - - [22/May/2021:22:00:19 +0400] "GET /search?subsubcategory=-sdL6A HTTP/1.1" 500 59829 "-" "Mozilla/5.0 (compatible; bingbot/2.0; +http://www.bing.com/bingbot.htm)"
114.119.153.137 - - [22/May/2021:22:01:51 +0400] "GET /product/-175-Deli-Stationery-b8HxG HTTP/1.1" 200 18721 "-" "Mozilla/5.0 (Linux; Android 7.0;) AppleWebKit/537.36 (KHTML, like Gecko) Mobile Safari/537.36 (compatible; PetalBot;+https://webmaster.petalsearch.com/site/petalbot)"
114.119.153.137 - - [22/May/2021:22:07:09 +0400] "GET /product/--BNmyz HTTP/1.1" 200 18317 "-" "Mozilla/5.0 (Linux; Android 7.0;) AppleWebKit/537.36 (KHTML, like Gecko) Mobile Safari/537.36 (compatible; PetalBot;+https://webmaster.petalsearch.com/site/petalbot)"
54.36.148.107 - - [22/May/2021:22:11:09 +0400] "GET /robots.txt HTTP/1.1" 404 918 "-" "Mozilla/5.0 (compatible; AhrefsBot/7.0; +http://ahrefs.com/robot/)"
54.36.148.215 - - [22/May/2021:22:11:10 +0400] "GET /products?page=31 HTTP/1.1" 200 21821 "-" "Mozilla/5.0 (compatible; AhrefsBot/7.0; +http://ahrefs.com/robot/)"
114.119.137.101 - - [22/May/2021:22:12:40 +0400] "GET /product/---Deli-Stationery-DLilW HTTP/1.1" 200 17700 "-" "Mozilla/5.0 (Linux; Android 7.0;) AppleWebKit/537.36 (KHTML, like Gecko) Mobile Safari/537.36 (compatible; PetalBot;+https://webmaster.petalsearch.com/site/petalbot)"
157.55.39.78 - - [22/May/2021:22:13:27 +0400] "GET /search?subcategory=-ZyTqt HTTP/1.1" 200 21115 "-" "Mozilla/5.0 (compatible; bingbot/2.0; +http://www.bing.com/bingbot.htm)"
157.55.39.143 - - [22/May/2021:22:31:09 +0400] "GET /public/uploads/products/photos/40WuZxvoOOzlHBtkqFGgWXJuCbs92FSLLx5iooLY.jpeg HTTP/1.1" 200 70792 "-" "Mozilla/5.0 (compatible; bingbot/2.0; +http://www.bing.com/bingbot.htm)"
54.36.149.30 - - [22/May/2021:22:38:12 +0400] "GET /search?brand=Deli-Stationery HTTP/1.1" 200 21932 "-" "Mozilla/5.0 (compatible; AhrefsBot/7.0; +http://ahrefs.com/robot/)"
5.45.207.181 - - [22/May/2021:22:40:54 +0400] "GET /robots.txt HTTP/1.1" 404 2930 "-" "Mozilla/5.0 (compatible; YandexBot/3.0; +http://yandex.com/bots)"
5.45.207.181 - - [22/May/2021:22:40:57 +0400] "GET / HTTP/1.1" 200 16256 "-" "Mozilla/5.0 (compatible; YandexBot/3.0; +http://yandex.com/bots)"
114.119.133.213 - - [22/May/2021:22:42:18 +0400] "GET /search?subcategory=%E1%83%A1%E1%83%90%E1%83%A8%E1%83%9A%E1%83%94%E1%83%9A%E1%83%98&page=3 HTTP/1.1" 200 19146 "-" "Mozilla/5.0 (Linux; Android 7.0;) AppleWebKit/537.36 (KHTML, like Gecko) Mobile Safari/537.36 (compatible; PetalBot;+https://webmaster.petalsearch.com/site/petalbot)"
157.55.39.99 - - [22/May/2021:22:45:42 +0400] "GET /public/uploads/products/photos/HpcqQFXYYpPsRJQEi0CrWneTvUC5xXWQWKzb3mtI.png HTTP/1.1" 200 727966 "-" "Mozilla/5.0 (compatible; bingbot/2.0; +http://www.bing.com/bingbot.htm)"
114.119.153.15 - - [22/May/2021:22:47:34 +0400] "GET /search?category=-OA2Ll&page=5 HTTP/1.1" 200 19866 "-" "Mozilla/5.0 (Linux; Android 7.0;) AppleWebKit/537.36 (KHTML, like Gecko) Mobile Safari/537.36 (compatible; PetalBot;+https://webmaster.petalsearch.com/site/petalbot)"
114.119.143.119 - - [22/May/2021:22:53:05 +0400] "GET /product/--Roller-Pen-05mm-BLUE-7Tw07 HTTP/1.1" 200 18386 "-" "Mozilla/5.0 (Linux; Android 7.0;) AppleWebKit/537.36 (KHTML, like Gecko) Mobile Safari/537.36 (compatible; PetalBot;+https://webmaster.petalsearch.com/site/petalbot)"
54.36.148.215 - - [22/May/2021:23:05:05 +0400] "GET /product/-80--Deli-Stationery-3gRvO HTTP/1.1" 200 18543 "-" "Mozilla/5.0 (compatible; AhrefsBot/7.0; +http://ahrefs.com/robot/)"
114.119.146.109 - - [22/May/2021:23:09:23 +0400] "GET /product/---KejWk HTTP/1.1" 200 18298 "-" "Mozilla/5.0 (Linux; Android 7.0;) AppleWebKit/537.36 (KHTML, like Gecko) Mobile Safari/537.36 (compatible; PetalBot;+https://webmaster.petalsearch.com/site/petalbot)"
114.119.137.101 - - [22/May/2021:23:19:11 +0400] "GET /product/--25-12---Deli-Stationery-oUugO HTTP/1.1" 200 18445 "-" "Mozilla/5.0 (Linux; Android 7.0;) AppleWebKit/537.36 (KHTML, like Gecko) Mobile Safari/537.36 (compatible; PetalBot;+https://webmaster.petalsearch.com/site/petalbot)"
114.119.135.199 - - [22/May/2021:23:24:53 +0400] "GET /search?subcategory=%E1%83%A1%E1%83%90%E1%83%AE%E1%83%90%E1%83%96%E1%83%90%E1%83%95%E1%83%98&page=4 HTTP/1.1" 200 20436 "-" "Mozilla/5.0 (Linux; Android 7.0;) AppleWebKit/537.36 (KHTML, like Gecko) Mobile Safari/537.36 (compatible; PetalBot;+https://webmaster.petalsearch.com/site/petalbot)"
54.36.149.66 - - [22/May/2021:23:26:12 +0400] "GET /search?brand=Deli-Stationery&page=54 HTTP/1.1" 200 19059 "-" "Mozilla/5.0 (compatible; AhrefsBot/7.0; +http://ahrefs.com/robot/)"
114.119.137.101 - - [22/May/2021:23:30:28 +0400] "GET /search?category=-1uHBh HTTP/1.1" 200 21149 "-" "Mozilla/5.0 (Linux; Android 7.0;) AppleWebKit/537.36 (KHTML, like Gecko) Mobile Safari/537.36 (compatible; PetalBot;+https://webmaster.petalsearch.com/site/petalbot)"
54.36.149.72 - - [22/May/2021:23:32:15 +0400] "GET /product/-Bottle-with-vynil-glue-80-gr-3301CV80--PRIMO-B2Kd7 HTTP/1.1" 200 18452 "-" "Mozilla/5.0 (compatible; AhrefsBot/7.0; +http://ahrefs.com/robot/)"
114.119.131.202 - - [22/May/2021:23:37:04 +0400] "GET /product/--Mini-tip-07mm-BLACK-DwQ5H HTTP/1.1" 200 18353 "-" "Mozilla/5.0 (Linux; Android 7.0;) AppleWebKit/537.36 (KHTML, like Gecko) Mobile Safari/537.36 (compatible; PetalBot;+https://webmaster.petalsearch.com/site/petalbot)"
157.55.39.65 - - [22/May/2021:23:40:32 +0400] "GET /search?subcategory=-6EOmL&page=80 HTTP/1.1" 200 21897 "-" "Mozilla/5.0 (compatible; bingbot/2.0; +http://www.bing.com/bingbot.htm)"
114.119.153.137 - - [22/May/2021:23:50:56 +0400] "GET /product/---05mm--VtKPh HTTP/1.1" 200 18389 "-" "Mozilla/5.0 (Linux; Android 7.0;) AppleWebKit/537.36 (KHTML, like Gecko) Mobile Safari/537.36 (compatible; PetalBot;+https://webmaster.petalsearch.com/site/petalbot)"
82.211.138.185 - - [22/May/2021:23:51:41 +0400] "GET /product/----Deli-Stationery-a23rj HTTP/1.1" 200 18422 "https://www.google.com/" "Mozilla/5.0 (Linux; Android 10; SM-A015F) AppleWebKit/537.36 (KHTML, like Gecko) Chrome/90.0.4430.210 Mobile Safari/537.36"
82.211.138.185 - - [22/May/2021:23:51:42 +0400] "GET /public/frontend/css/bootstrap.min.css HTTP/1.1" 200 21005 "https://puzzle.ge/product/----Deli-Stationery-a23rj" "Mozilla/5.0 (Linux; Android 10; SM-A015F) AppleWebKit/537.36 (KHTML, like Gecko) Chrome/90.0.4430.210 Mobile Safari/537.36"
82.211.138.185 - - [22/May/2021:23:51:42 +0400] "GET /public/frontend/css/font-awesome.min.css HTTP/1.1" 200 6930 "https://puzzle.ge/product/----Deli-Stationery-a23rj" "Mozilla/5.0 (Linux; Android 10; SM-A015F) AppleWebKit/537.36 (KHTML, like Gecko) Chrome/90.0.4430.210 Mobile Safari/537.36"
82.211.138.185 - - [22/May/2021:23:51:42 +0400] "GET /public/frontend/css/line-awesome.min.css HTTP/1.1" 200 6072 "https://puzzle.ge/product/----Deli-Stationery-a23rj" "Mozilla/5.0 (Linux; Android 10; SM-A015F) AppleWebKit/537.36 (KHTML, like Gecko) Chrome/90.0.4430.210 Mobile Safari/537.36"
82.211.138.185 - - [22/May/2021:23:51:42 +0400] "GET /public/frontend/css/bootstrap-tagsinput.css HTTP/1.1" 200 468 "https://puzzle.ge/product/----Deli-Stationery-a23rj" "Mozilla/5.0 (Linux; Android 10; SM-A015F) AppleWebKit/537.36 (KHTML, like Gecko) Chrome/90.0.4430.210 Mobile Safari/537.36"
82.211.138.185 - - [22/May/2021:23:51:42 +0400] "GET /public/frontend/css/jodit.min.css HTTP/1.1" 200 17431 "https://puzzle.ge/product/----Deli-Stationery-a23rj" "Mozilla/5.0 (Linux; Android 10; SM-A015F) AppleWebKit/537.36 (KHTML, like Gecko) Chrome/90.0.4430.210 Mobile Safari/537.36"
82.211.138.185 - - [22/May/2021:23:51:42 +0400] "GET /public/frontend/css/sweetalert2.min.css HTTP/1.1" 200 4210 "https://puzzle.ge/product/----Deli-Stationery-a23rj" "Mozilla/5.0 (Linux; Android 10; SM-A015F) AppleWebKit/537.36 (KHTML, like Gecko) Chrome/90.0.4430.210 Mobile Safari/537.36"
82.211.138.185 - - [22/May/2021:23:51:42 +0400] "GET /public/frontend/css/slick.css HTTP/1.1" 200 569 "https://puzzle.ge/product/----Deli-Stationery-a23rj" "Mozilla/5.0 (Linux; Android 10; SM-A015F) AppleWebKit/537.36 (KHTML, like Gecko) Chrome/90.0.4430.210 Mobile Safari/537.36"
82.211.138.185 - - [22/May/2021:23:51:42 +0400] "GET /public/frontend/css/xzoom.css HTTP/1.1" 200 781 "https://puzzle.ge/product/----Deli-Stationery-a23rj" "Mozilla/5.0 (Linux; Android 10; SM-A015F) AppleWebKit/537.36 (KHTML, like Gecko) Chrome/90.0.4430.210 Mobile Safari/537.36"
82.211.138.185 - - [22/May/2021:23:51:42 +0400] "GET /public/frontend/css/jquery.share.css HTTP/1.1" 200 913 "https://puzzle.ge/product/----Deli-Stationery-a23rj" "Mozilla/5.0 (Linux; Android 10; SM-A015F) AppleWebKit/537.36 (KHTML, like Gecko) Chrome/90.0.4430.210 Mobile Safari/537.36"
82.211.138.185 - - [22/May/2021:23:51:42 +0400] "GET /public/css/spectrum.css HTTP/1.1" 200 4020 "https://puzzle.ge/product/----Deli-Stationery-a23rj" "Mozilla/5.0 (Linux; Android 10; SM-A015F) AppleWebKit/537.36 (KHTML, like Gecko) Chrome/90.0.4430.210 Mobile Safari/537.36"
82.211.138.185 - - [22/May/2021:23:51:42 +0400] "GET /public/frontend/css/active-shop.css HTTP/1.1" 200 60901 "https://puzzle.ge/product/----Deli-Stationery-a23rj" "Mozilla/5.0 (Linux; Android 10; SM-A015F) AppleWebKit/537.36 (KHTML, like Gecko) Chrome/90.0.4430.210 Mobile Safari/537.36"
82.211.138.185 - - [22/May/2021:23:51:42 +0400] "GET /public/frontend/css/custom-style.css HTTP/1.1" 200 15407 "https://puzzle.ge/product/----Deli-Stationery-a23rj" "Mozilla/5.0 (Linux; Android 10; SM-A015F) AppleWebKit/537.36 (KHTML, like Gecko) Chrome/90.0.4430.210 Mobile Safari/537.36"
82.211.138.185 - - [22/May/2021:23:51:42 +0400] "GET /public/frontend/css/fb-style.css HTTP/1.1" 200 281 "https://puzzle.ge/product/----Deli-Stationery-a23rj" "Mozilla/5.0 (Linux; Android 10; SM-A015F) AppleWebKit/537.36 (KHTML, like Gecko) Chrome/90.0.4430.210 Mobile Safari/537.36"
82.211.138.185 - - [22/May/2021:23:51:42 +0400] "GET /public/frontend/css/colors/2.css HTTP/1.1" 200 3369 "https://puzzle.ge/product/----Deli-Stationery-a23rj" "Mozilla/5.0 (Linux; Android 10; SM-A015F) AppleWebKit/537.36 (KHTML, like Gecko) Chrome/90.0.4430.210 Mobile Safari/537.36"
82.211.138.185 - - [22/May/2021:23:51:42 +0400] "GET /public/frontend/js/vendor/jquery.min.js HTTP/1.1" 200 29769 "https://puzzle.ge/product/----Deli-Stationery-a23rj" "Mozilla/5.0 (Linux; Android 10; SM-A015F) AppleWebKit/537.36 (KHTML, like Gecko) Chrome/90.0.4430.210 Mobile Safari/537.36"
82.211.138.185 - - [22/May/2021:23:51:42 +0400] "GET /public/frontend/js/vendor/popper.min.js HTTP/1.1" 200 6847 "https://puzzle.ge/product/----Deli-Stationery-a23rj" "Mozilla/5.0 (Linux; Android 10; SM-A015F) AppleWebKit/537.36 (KHTML, like Gecko) Chrome/90.0.4430.210 Mobile Safari/537.36"
82.211.138.185 - - [22/May/2021:23:51:42 +0400] "GET /public/frontend/js/vendor/bootstrap.min.js HTTP/1.1" 200 14005 "https://puzzle.ge/product/----Deli-Stationery-a23rj" "Mozilla/5.0 (Linux; Android 10; SM-A015F) AppleWebKit/537.36 (KHTML, like Gecko) Chrome/90.0.4430.210 Mobile Safari/537.36"
82.211.138.185 - - [22/May/2021:23:51:42 +0400] "GET /public/frontend/js/jquery.countdown.min.js HTTP/1.1" 200 2373 "https://puzzle.ge/product/----Deli-Stationery-a23rj" "Mozilla/5.0 (Linux; Android 10; SM-A015F) AppleWebKit/537.36 (KHTML, like Gecko) Chrome/90.0.4430.210 Mobile Safari/537.36"
82.211.138.185 - - [22/May/2021:23:51:42 +0400] "GET /public/frontend/js/nouislider.min.js HTTP/1.1" 200 5316 "https://puzzle.ge/product/----Deli-Stationery-a23rj" "Mozilla/5.0 (Linux; Android 10; SM-A015F) AppleWebKit/537.36 (KHTML, like Gecko) Chrome/90.0.4430.210 Mobile Safari/537.36"
82.211.138.185 - - [22/May/2021:23:51:42 +0400] "GET /public/frontend/js/select2.min.js HTTP/1.1" 200 18962 "https://puzzle.ge/product/----Deli-Stationery-a23rj" "Mozilla/5.0 (Linux; Android 10; SM-A015F) AppleWebKit/537.36 (KHTML, like Gecko) Chrome/90.0.4430.210 Mobile Safari/537.36"
82.211.138.185 - - [22/May/2021:23:51:42 +0400] "GET /public/frontend/js/sweetalert2.min.js HTTP/1.1" 200 11088 "https://puzzle.ge/product/----Deli-Stationery-a23rj" "Mozilla/5.0 (Linux; Android 10; SM-A015F) AppleWebKit/537.36 (KHTML, like Gecko) Chrome/90.0.4430.210 Mobile Safari/537.36"
82.211.138.185 - - [22/May/2021:23:51:42 +0400] "GET /public/frontend/js/jquery.share.js HTTP/1.1" 200 1786 "https://puzzle.ge/product/----Deli-Stationery-a23rj" "Mozilla/5.0 (Linux; Android 10; SM-A015F) AppleWebKit/537.36 (KHTML, like Gecko) Chrome/90.0.4430.210 Mobile Safari/537.36"
82.211.138.185 - - [22/May/2021:23:51:42 +0400] "GET /public/frontend/js/slick.min.js HTTP/1.1" 200 10336 "https://puzzle.ge/product/----Deli-Stationery-a23rj" "Mozilla/5.0 (Linux; Android 10; SM-A015F) AppleWebKit/537.36 (KHTML, like Gecko) Chrome/90.0.4430.210 Mobile Safari/537.36"
82.211.138.185 - - [22/May/2021:23:51:43 +0400] "GET /public/frontend/js/bootstrap-tagsinput.min.js HTTP/1.1" 200 3212 "https://puzzle.ge/product/----Deli-Stationery-a23rj" "Mozilla/5.0 (Linux; Android 10; SM-A015F) AppleWebKit/537.36 (KHTML, like Gecko) Chrome/90.0.4430.210 Mobile Safari/537.36"
82.211.138.185 - - [22/May/2021:23:51:43 +0400] "GET /public/frontend/js/xzoom.min.js HTTP/1.1" 200 4622 "https://puzzle.ge/product/----Deli-Stationery-a23rj" "Mozilla/5.0 (Linux; Android 10; SM-A015F) AppleWebKit/537.36 (KHTML, like Gecko) Chrome/90.0.4430.210 Mobile Safari/537.36"
82.211.138.185 - - [22/May/2021:23:51:43 +0400] "GET /public/frontend/js/active-shop.js HTTP/1.1" 200 6957 "https://puzzle.ge/product/----Deli-Stationery-a23rj" "Mozilla/5.0 (Linux; Android 10; SM-A015F) AppleWebKit/537.36 (KHTML, like Gecko) Chrome/90.0.4430.210 Mobile Safari/537.36"
82.211.138.185 - - [22/May/2021:23:51:43 +0400] "GET /public/frontend/js/main.js HTTP/1.1" 200 4507 "https://puzzle.ge/product/----Deli-Stationery-a23rj" "Mozilla/5.0 (Linux; Android 10; SM-A015F) AppleWebKit/537.36 (KHTML, like Gecko) Chrome/90.0.4430.210 Mobile Safari/537.36"
82.211.138.185 - - [22/May/2021:23:51:43 +0400] "GET /public/frontend/js/fb-script.js HTTP/1.1" 200 294 "https://puzzle.ge/product/----Deli-Stationery-a23rj" "Mozilla/5.0 (Linux; Android 10; SM-A015F) AppleWebKit/537.36 (KHTML, like Gecko) Chrome/90.0.4430.210 Mobile Safari/537.36"
82.211.138.185 - - [22/May/2021:23:51:43 +0400] "GET /public/frontend/js/jodit.min.js HTTP/1.1" 200 115400 "https://puzzle.ge/product/----Deli-Stationery-a23rj" "Mozilla/5.0 (Linux; Android 10; SM-A015F) AppleWebKit/537.36 (KHTML, like Gecko) Chrome/90.0.4430.210 Mobile Safari/537.36"
82.211.138.185 - - [22/May/2021:23:51:43 +0400] "GET /public/frontend/images/icons/user-placeholder.jpg HTTP/1.1" 200 23336 "https://puzzle.ge/product/----Deli-Stationery-a23rj" "Mozilla/5.0 (Linux; Android 10; SM-A015F) AppleWebKit/537.36 (KHTML, like Gecko) Chrome/90.0.4430.210 Mobile Safari/537.36"
82.211.138.185 - - [22/May/2021:23:51:43 +0400] "GET /public/frontend/fonts/fontawesome-webfont.woff2?v=4.7.0 HTTP/1.1" 200 77162 "https://puzzle.ge/public/frontend/css/font-awesome.min.css" "Mozilla/5.0 (Linux; Android 10; SM-A015F) AppleWebKit/537.36 (KHTML, like Gecko) Chrome/90.0.4430.210 Mobile Safari/537.36"
82.211.138.185 - - [22/May/2021:23:51:43 +0400] "GET /public/frontend/fonts/line-awesome.woff2?v=1.1. HTTP/1.1" 200 45128 "https://puzzle.ge/public/frontend/css/line-awesome.min.css" "Mozilla/5.0 (Linux; Android 10; SM-A015F) AppleWebKit/537.36 (KHTML, like Gecko) Chrome/90.0.4430.210 Mobile Safari/537.36"
82.211.138.185 - - [22/May/2021:23:51:43 +0400] "GET /public/frontend/images/icons/flags/ge.png HTTP/1.1" 200 594 "https://puzzle.ge/product/----Deli-Stationery-a23rj" "Mozilla/5.0 (Linux; Android 10; SM-A015F) AppleWebKit/537.36 (KHTML, like Gecko) Chrome/90.0.4430.210 Mobile Safari/537.36"
82.211.138.185 - - [22/May/2021:23:51:43 +0400] "GET /public/uploads/categories/icon/XqRoMUmWrMoMA6uKfxK8chgj50I0JbFH0Oyx17m2.jpeg HTTP/1.1" 200 91036 "https://puzzle.ge/product/----Deli-Stationery-a23rj" "Mozilla/5.0 (Linux; Android 10; SM-A015F) AppleWebKit/537.36 (KHTML, like Gecko) Chrome/90.0.4430.210 Mobile Safari/537.36"
82.211.138.185 - - [22/May/2021:23:51:43 +0400] "GET /public/uploads/logo/YHjrRlrUBA5uXjPNOeBFcGdE0KshBElcFqDZ0Tzm.png HTTP/1.1" 200 5603 "https://puzzle.ge/product/----Deli-Stationery-a23rj" "Mozilla/5.0 (Linux; Android 10; SM-A015F) AppleWebKit/537.36 (KHTML, like Gecko) Chrome/90.0.4430.210 Mobile Safari/537.36"
82.211.138.185 - - [22/May/2021:23:51:43 +0400] "GET /public/uploads/categories/icon/UG7pNu0kuaQizo4yWm6y4IBfP2KqQkFtO4Vd7oQa.jpeg HTTP/1.1" 200 44328 "https://puzzle.ge/product/----Deli-Stationery-a23rj" "Mozilla/5.0 (Linux; Android 10; SM-A015F) AppleWebKit/537.36 (KHTML, like Gecko) Chrome/90.0.4430.210 Mobile Safari/537.36"
82.211.138.185 - - [22/May/2021:23:51:43 +0400] "GET /public/uploads/products/photos/r84esUJGKyO5BZscCv9dl27glTqLHqX2UimRlIp0.jpeg HTTP/1.1" 200 71768 "https://puzzle.ge/product/----Deli-Stationery-a23rj" "Mozilla/5.0 (Linux; Android 10; SM-A015F) AppleWebKit/537.36 (KHTML, like Gecko) Chrome/90.0.4430.210 Mobile Safari/537.36"
82.211.138.185 - - [22/May/2021:23:51:43 +0400] "GET /public/uploads/categories/icon/i0zX22O12OsL4MHJhLaeXlKjhBGcUZcmabksyTGY.jpeg HTTP/1.1" 200 27934 "https://puzzle.ge/product/----Deli-Stationery-a23rj" "Mozilla/5.0 (Linux; Android 10; SM-A015F) AppleWebKit/537.36 (KHTML, like Gecko) Chrome/90.0.4430.210 Mobile Safari/537.36"
82.211.138.185 - - [22/May/2021:23:51:43 +0400] "GET /public/uploads/categories/icon/SpTSvO8C1yFQFttfyndD4GSJ2xpAMHTD3i0I3s2u.gif HTTP/1.1" 200 235078 "https://puzzle.ge/product/----Deli-Stationery-a23rj" "Mozilla/5.0 (Linux; Android 10; SM-A015F) AppleWebKit/537.36 (KHTML, like Gecko) Chrome/90.0.4430.210 Mobile Safari/537.36"
82.211.138.185 - - [22/May/2021:23:51:44 +0400] "GET /public/uploads/categories/icon/BMz07p7i32atzVddoS8CtDbBBNTzQojnMRT8Iphj.jpeg HTTP/1.1" 200 60281 "https://puzzle.ge/product/----Deli-Stationery-a23rj" "Mozilla/5.0 (Linux; Android 10; SM-A015F) AppleWebKit/537.36 (KHTML, like Gecko) Chrome/90.0.4430.210 Mobile Safari/537.36"
82.211.138.185 - - [22/May/2021:23:51:43 +0400] "GET /public/uploads/categories/icon/ShPpIjK0pODdz3G9WI0lpj0A2uSj5Cl8yCHQabCO.jpeg HTTP/1.1" 200 597956 "https://puzzle.ge/product/----Deli-Stationery-a23rj" "Mozilla/5.0 (Linux; Android 10; SM-A015F) AppleWebKit/537.36 (KHTML, like Gecko) Chrome/90.0.4430.210 Mobile Safari/537.36"
82.211.138.185 - - [22/May/2021:23:51:44 +0400] "GET /public HTTP/1.1" 301 233 "https://puzzle.ge/product/----Deli-Stationery-a23rj" "Mozilla/5.0 (Linux; Android 10; SM-A015F) AppleWebKit/537.36 (KHTML, like Gecko) Chrome/90.0.4430.210 Mobile Safari/537.36"
82.211.138.185 - - [22/May/2021:23:51:44 +0400] "GET /public/uploads/categories/icon/tM8AZtAcAhZhfpSqHFagikUM36SVSJKZkJYVrDUq.jpeg HTTP/1.1" 200 30401 "https://puzzle.ge/product/----Deli-Stationery-a23rj" "Mozilla/5.0 (Linux; Android 10; SM-A015F) AppleWebKit/537.36 (KHTML, like Gecko) Chrome/90.0.4430.210 Mobile Safari/537.36"
82.211.138.185 - - [22/May/2021:23:51:44 +0400] "GET /public/frontend/images/icons/cards/visa.png HTTP/1.1" 200 1472 "https://puzzle.ge/product/----Deli-Stationery-a23rj" "Mozilla/5.0 (Linux; Android 10; SM-A015F) AppleWebKit/537.36 (KHTML, like Gecko) Chrome/90.0.4430.210 Mobile Safari/537.36"
82.211.138.185 - - [22/May/2021:23:51:44 +0400] "GET /public/frontend/images/icons/cards/mastercard.png HTTP/1.1" 200 2074 "https://puzzle.ge/product/----Deli-Stationery-a23rj" "Mozilla/5.0 (Linux; Android 10; SM-A015F) AppleWebKit/537.36 (KHTML, like Gecko) Chrome/90.0.4430.210 Mobile Safari/537.36"
82.211.138.185 - - [22/May/2021:23:51:44 +0400] "GET /public/frontend/images/icons/cards/maestro.png HTTP/1.1" 200 2060 "https://puzzle.ge/product/----Deli-Stationery-a23rj" "Mozilla/5.0 (Linux; Android 10; SM-A015F) AppleWebKit/537.36 (KHTML, like Gecko) Chrome/90.0.4430.210 Mobile Safari/537.36"
82.211.138.185 - - [22/May/2021:23:51:44 +0400] "POST /product/variant_price HTTP/1.1" 500 1062 "https://puzzle.ge/product/----Deli-Stationery-a23rj" "Mozilla/5.0 (Linux; Android 10; SM-A015F) AppleWebKit/537.36 (KHTML, like Gecko) Chrome/90.0.4430.210 Mobile Safari/537.36"
82.211.138.185 - - [22/May/2021:23:51:44 +0400] "GET /public/frontend/images/icons/cards/voguetras.png HTTP/1.1" 200 14282 "https://puzzle.ge/product/----Deli-Stationery-a23rj" "Mozilla/5.0 (Linux; Android 10; SM-A015F) AppleWebKit/537.36 (KHTML, like Gecko) Chrome/90.0.4430.210 Mobile Safari/537.36"
82.211.138.185 - - [22/May/2021:23:51:44 +0400] "GET /public/frontend/images/icons/cards/vogue.png HTTP/1.1" 200 19244 "https://puzzle.ge/product/----Deli-Stationery-a23rj" "Mozilla/5.0 (Linux; Android 10; SM-A015F) AppleWebKit/537.36 (KHTML, like Gecko) Chrome/90.0.4430.210 Mobile Safari/537.36"
