82.211.138.185 - - [22/May/2021:23:51:44 +0400] "GET /public/ HTTP/1.1" 404 918 "https://puzzle.ge/product/----Deli-Stationery-a23rj" "Mozilla/5.0 (Linux; Android 10; SM-A015F) AppleWebKit/537.36 (KHTML, like Gecko) Chrome/90.0.4430.210 Mobile Safari/537.36"
82.211.138.185 - - [22/May/2021:23:51:44 +0400] "GET /public/frontend/images/icons/cards/cod.png HTTP/1.1" 200 17883 "https://puzzle.ge/product/----Deli-Stationery-a23rj" "Mozilla/5.0 (Linux; Android 10; SM-A015F) AppleWebKit/537.36 (KHTML, like Gecko) Chrome/90.0.4430.210 Mobile Safari/537.36"
82.211.138.185 - - [22/May/2021:23:51:44 +0400] "GET /public/uploads/products/thumbnail/aSiapIAy2kabV6Tfmd27s6OcMXnI19QTYvtv35UD.jpeg HTTP/1.1" 200 32986 "https://puzzle.ge/product/----Deli-Stationery-a23rj" "Mozilla/5.0 (Linux; Android 10; SM-A015F) AppleWebKit/537.36 (KHTML, like Gecko) Chrome/90.0.4430.210 Mobile Safari/537.36"
82.211.138.185 - - [22/May/2021:23:51:45 +0400] "GET /public/uploads/products/thumbnail/pOtNlWGvC2Sij3tAVei5ALPuseV3M4W9rCTnbFam.jpeg HTTP/1.1" 200 58420 "https://puzzle.ge/product/----Deli-Stationery-a23rj" "Mozilla/5.0 (Linux; Android 10; SM-A015F) AppleWebKit/537.36 (KHTML, like Gecko) Chrome/90.0.4430.210 Mobile Safari/537.36"
82.211.138.185 - - [22/May/2021:23:51:45 +0400] "GET /public/uploads/products/thumbnail/13mxkYrdb6YJczzHIRb0HvxlJjvgMNIFXl9HdbWv.jpeg HTTP/1.1" 200 99407 "https://puzzle.ge/product/----Deli-Stationery-a23rj" "Mozilla/5.0 (Linux; Android 10; SM-A015F) AppleWebKit/537.36 (KHTML, like Gecko) Chrome/90.0.4430.210 Mobile Safari/537.36"
82.211.138.185 - - [22/May/2021:23:51:45 +0400] "GET /public/uploads/products/thumbnail/7WQRrcFeh2vUvHnlpSccg0eUhaIzhYXU2kcLsFTZ.jpeg HTTP/1.1" 200 39533 "https://puzzle.ge/product/----Deli-Stationery-a23rj" "Mozilla/5.0 (Linux; Android 10; SM-A015F) AppleWebKit/537.36 (KHTML, like Gecko) Chrome/90.0.4430.210 Mobile Safari/537.36"
82.211.138.185 - - [22/May/2021:23:51:45 +0400] "GET /public/uploads/products/thumbnail/CStm1SLsGp74afpqqcORUccmMIvto9yx3S3ZYsn4.png HTTP/1.1" 200 197887 "https://puzzle.ge/product/----Deli-Stationery-a23rj" "Mozilla/5.0 (Linux; Android 10; SM-A015F) AppleWebKit/537.36 (KHTML, like Gecko) Chrome/90.0.4430.210 Mobile Safari/537.36"
82.211.138.185 - - [22/May/2021:23:51:45 +0400] "GET /public/uploads/products/thumbnail/rICQkQiXXZ86Zd0ekQDEtLUxEd5ENdoMrFj2vV29.jpeg HTTP/1.1" 200 59168 "https://puzzle.ge/product/----Deli-Stationery-a23rj" "Mozilla/5.0 (Linux; Android 10; SM-A015F) AppleWebKit/537.36 (KHTML, like Gecko) Chrome/90.0.4430.210 Mobile Safari/537.36"
82.211.138.185 - - [22/May/2021:23:51:45 +0400] "GET /public/uploads/products/thumbnail/YXv5uiHYP0SrTDcThCaBG0Cwm6yWhKs9VzAb570Z.jpeg HTTP/1.1" 200 68928 "https://puzzle.ge/product/----Deli-Stationery-a23rj" "Mozilla/5.0 (Linux; Android 10; SM-A015F) AppleWebKit/537.36 (KHTML, like Gecko) Chrome/90.0.4430.210 Mobile Safari/537.36"
82.211.138.185 - - [22/May/2021:23:51:45 +0400] "GET /public/uploads/products/thumbnail/w58Oz9OkaCvrb2p3EUKtcBxwwXyt6cGTrWXudGof.jpeg HTTP/1.1" 200 132585 "https://puzzle.ge/product/----Deli-Stationery-a23rj" "Mozilla/5.0 (Linux; Android 10; SM-A015F) AppleWebKit/537.36 (KHTML, like Gecko) Chrome/90.0.4430.210 Mobile Safari/537.36"
82.211.138.185 - - [22/May/2021:23:51:45 +0400] "GET /public/uploads/products/thumbnail/Ka5MbwXjNVFqqPGAZl2dUWx6fK9M7lcq696C5o9N.jpeg HTTP/1.1" 200 216600 "https://puzzle.ge/product/----Deli-Stationery-a23rj" "Mozilla/5.0 (Linux; Android 10; SM-A015F) AppleWebKit/537.36 (KHTML, like Gecko) Chrome/90.0.4430.210 Mobile Safari/537.36"
82.211.138.185 - - [22/May/2021:23:51:46 +0400] "GET /public/frontend/css/images/social-icons.png HTTP/1.1" 200 44457 "https://puzzle.ge/public/frontend/css/jquery.share.css" "Mozilla/5.0 (Linux; Android 10; SM-A015F) AppleWebKit/537.36 (KHTML, like Gecko) Chrome/90.0.4430.210 Mobile Safari/537.36"
82.211.138.185 - - [22/May/2021:23:51:44 +0400] "GET /public/uploads/products/thumbnail/KNqQ2wTImB1TeBCbFSbt9WEM8fg8cIqsbM9ONrHE.png HTTP/1.1" 200 771679 "https://puzzle.ge/product/----Deli-Stationery-a23rj" "Mozilla/5.0 (Linux; Android 10; SM-A015F) AppleWebKit/537.36 (KHTML, like Gecko) Chrome/90.0.4430.210 Mobile Safari/537.36"
82.211.138.185 - - [22/May/2021:23:51:47 +0400] "GET /public/uploads/favicon/zmvImTJpmYWeznNzotGAsqpdFHXrUk7fj8mNhVWO.png HTTP/1.1" 200 43056 "https://puzzle.ge/product/----Deli-Stationery-a23rj" "Mozilla/5.0 (Linux; Android 10; SM-A015F) AppleWebKit/537.36 (KHTML, like Gecko) Chrome/90.0.4430.210 Mobile Safari/537.36"
114.119.143.119 - - [22/May/2021:23:56:29 +0400] "GET /product/--A4-80-500-CHOCOLATE-431-vqdDx HTTP/1.1" 200 18412 "-" "Mozilla/5.0 (Linux; Android 7.0;) AppleWebKit/537.36 (KHTML, like Gecko) Mobile Safari/537.36 (compatible; PetalBot;+https://webmaster.petalsearch.com/site/petalbot)"
54.36.148.215 - - [22/May/2021:23:59:34 +0400] "GET /product/-NA5-80020--eiDpk HTTP/1.1" 200 18667 "-" "Mozilla/5.0 (compatible; AhrefsBot/7.0; +http://ahrefs.com/robot/)"
114.119.132.133 - - [23/May/2021:00:02:35 +0400] "GET /product/--A4--Deli-Stationery-e0CpG HTTP/1.1" 200 18288 "-" "Mozilla/5.0 (Linux; Android 7.0;) AppleWebKit/537.36 (KHTML, like Gecko) Mobile Safari/537.36 (compatible; PetalBot;+https://webmaster.petalsearch.com/site/petalbot)"
54.36.148.215 - - [23/May/2021:00:28:12 +0400] "GET /product/--07mm---QFGUv HTTP/1.1" 200 18296 "-" "Mozilla/5.0 (compatible; AhrefsBot/7.0; +http://ahrefs.com/robot/)"
66.249.66.53 - - [23/May/2021:00:35:39 +0400] "GET /product/---t27qn HTTP/1.1" 404 992 "-" "Mozilla/5.0 (Linux; Android 6.0.1; Nexus 5X Build/MMB29P) AppleWebKit/537.36 (KHTML, like Gecko) Chrome/90.0.4430.97 Mobile Safari/537.36 (compatible; Googlebot/2.1; +http://www.google.com/bot.html)"
114.119.137.101 - - [23/May/2021:00:35:58 +0400] "GET /product/--Deli-Stationery-dOuwa HTTP/1.1" 200 18704 "-" "Mozilla/5.0 (Linux; Android 7.0;) AppleWebKit/537.36 (KHTML, like Gecko) Mobile Safari/537.36 (compatible; PetalBot;+https://webmaster.petalsearch.com/site/petalbot)"
114.119.150.226 - - [23/May/2021:00:44:29 +0400] "GET /product/---Deli-Stationery-RBP4H HTTP/1.1" 200 18316 "-" "Mozilla/5.0 (Linux; Android 7.0;) AppleWebKit/537.36 (KHTML, like Gecko) Mobile Safari/537.36 (compatible; PetalBot;+https://webmaster.petalsearch.com/site/petalbot)"
40.77.167.11 - - [23/May/2021:00:49:05 +0400] "GET /search?subsubcategory=-sdL6A HTTP/1.1" 500 59845 "-" "Mozilla/5.0 (compatible; bingbot/2.0; +http://www.bing.com/bingbot.htm)"
157.55.39.57 - - [23/May/2021:00:49:35 +0400] "GET /product/--A4-80-100-TARO-274-EnO2i HTTP/1.1" 200 18435 "-" "Mozilla/5.0 (compatible; bingbot/2.0; +http://www.bing.com/bingbot.htm)"
114.119.135.199 - - [23/May/2021:00:50:18 +0400] "GET /product/--76X76-400-T4-400901258-uW1Xm HTTP/1.1" 200 18432 "-" "Mozilla/5.0 (Linux; Android 7.0;) AppleWebKit/537.36 (KHTML, like Gecko) Mobile Safari/537.36 (compatible; PetalBot;+https://webmaster.petalsearch.com/site/petalbot)"
54.36.148.185 - - [23/May/2021:00:54:19 +0400] "GET /search?subcategory=%E1%83%A4%E1%83%9D%E1%83%A2%E1%83%9D%E1%83%A5%E1%83%90%E1%83%A6%E1%83%90%E1%83%9A%E1%83%93%E1%83%98&page=2 HTTP/1.1" 200 19043 "-" "Mozilla/5.0 (compatible; AhrefsBot/7.0; +http://ahrefs.com/robot/)"
114.119.132.133 - - [23/May/2021:00:55:47 +0400] "GET /product/-12--DELI-STATIONERY-2s24Y HTTP/1.1" 200 18397 "-" "Mozilla/5.0 (Linux; Android 7.0;) AppleWebKit/537.36 (KHTML, like Gecko) Mobile Safari/537.36 (compatible; PetalBot;+https://webmaster.petalsearch.com/site/petalbot)"
114.119.135.199 - - [23/May/2021:01:02:23 +0400] "GET /search?brand=Deli-Stationery&page=51 HTTP/1.1" 200 19061 "-" "Mozilla/5.0 (Linux; Android 7.0;) AppleWebKit/537.36 (KHTML, like Gecko) Mobile Safari/537.36 (compatible; PetalBot;+https://webmaster.petalsearch.com/site/petalbot)"
114.119.132.133 - - [23/May/2021:01:08:03 +0400] "GET /product/-----72--Deli-Stationery-WB1ej HTTP/1.1" 200 18422 "-" "Mozilla/5.0 (Linux; Android 7.0;) AppleWebKit/537.36 (KHTML, like Gecko) Mobile Safari/537.36 (compatible; PetalBot;+https://webmaster.petalsearch.com/site/petalbot)"
114.119.153.137 - - [23/May/2021:01:13:47 +0400] "GET /product/--1--QVHly HTTP/1.1" 200 18258 "-" "Mozilla/5.0 (Linux; Android 7.0;) AppleWebKit/537.36 (KHTML, like Gecko) Mobile Safari/537.36 (compatible; PetalBot;+https://webmaster.petalsearch.com/site/petalbot)"
114.119.135.199 - - [23/May/2021:01:19:25 +0400] "GET /product/--fL6D5 HTTP/1.1" 200 18364 "-" "Mozilla/5.0 (Linux; Android 7.0;) AppleWebKit/537.36 (KHTML, like Gecko) Mobile Safari/537.36 (compatible; PetalBot;+https://webmaster.petalsearch.com/site/petalbot)"
54.36.148.144 - - [23/May/2021:01:21:20 +0400] "GET /product/---SUPER-WINGS-Osbmx HTTP/1.1" 200 18696 "-" "Mozilla/5.0 (compatible; AhrefsBot/7.0; +http://ahrefs.com/robot/)"
114.119.131.202 - - [23/May/2021:01:25:13 +0400] "GET /product/--HoZGy HTTP/1.1" 200 18358 "-" "Mozilla/5.0 (Linux; Android 7.0;) AppleWebKit/537.36 (KHTML, like Gecko) Mobile Safari/537.36 (compatible; PetalBot;+https://webmaster.petalsearch.com/site/petalbot)"
157.55.39.50 - - [23/May/2021:01:42:00 +0400] "GET /product/-4-11-100-1996x2891---1--Tanex-Y5luY HTTP/1.1" 200 18613 "-" "Mozilla/5.0 (compatible; bingbot/2.0; +http://www.bing.com/bingbot.htm)"
157.55.39.50 - - [23/May/2021:01:42:10 +0400] "GET /search?subcategory=Bindingspring HTTP/1.1" 200 19890 "-" "Mozilla/5.0 (compatible; bingbot/2.0; +http://www.bing.com/bingbot.htm)"
114.119.137.101 - - [23/May/2021:01:43:52 +0400] "GET /product/---GZ3DN HTTP/1.1" 200 18199 "-" "Mozilla/5.0 (Linux; Android 7.0;) AppleWebKit/537.36 (KHTML, like Gecko) Mobile Safari/537.36 (compatible; PetalBot;+https://webmaster.petalsearch.com/site/petalbot)"
114.119.153.15 - - [23/May/2021:01:47:07 +0400] "GET /search?subcategory=Plasticine HTTP/1.1" 200 18099 "-" "Mozilla/5.0 (Linux; Android 7.0;) AppleWebKit/537.36 (KHTML, like Gecko) Mobile Safari/537.36 (compatible; PetalBot;+https://webmaster.petalsearch.com/site/petalbot)"
114.119.131.202 - - [23/May/2021:01:52:51 +0400] "GET /search?subcategory=-02CkA&page=4 HTTP/1.1" 200 21136 "-" "Mozilla/5.0 (Linux; Android 7.0;) AppleWebKit/537.36 (KHTML, like Gecko) Mobile Safari/537.36 (compatible; PetalBot;+https://webmaster.petalsearch.com/site/petalbot)"
114.119.133.213 - - [23/May/2021:01:59:32 +0400] "GET /product/--Deli-Stationery-it6OK HTTP/1.1" 200 18385 "-" "Mozilla/5.0 (Linux; Android 7.0;) AppleWebKit/537.36 (KHTML, like Gecko) Mobile Safari/537.36 (compatible; PetalBot;+https://webmaster.petalsearch.com/site/petalbot)"
66.249.66.49 - - [23/May/2021:02:04:08 +0400] "GET /public/uploads/subcategories/banner/CMHtPnVUFaysM6Cj4hOgrrglfcs1ZUJBSwBCal4d.png HTTP/1.1" 200 168980 "-" "Googlebot-Image/1.0"
114.119.131.202 - - [23/May/2021:02:04:16 +0400] "GET /search?subcategory=%E1%83%9E%E1%83%9A%E1%83%9D%E1%83%A2%E1%83%94%E1%83%A0%E1%83%98%E1%83%A1-%E1%83%A5%E1%83%90%E1%83%A6%E1%83%90%E1%83%9A%E1%83%93%E1%83%98 HTTP/1.1" 200 18797 "-" "Mozilla/5.0 (Linux; Android 7.0;) AppleWebKit/537.36 (KHTML, like Gecko) Mobile Safari/537.36 (compatible; PetalBot;+https://webmaster.petalsearch.com/site/petalbot)"
114.119.133.213 - - [23/May/2021:02:10:23 +0400] "GET /product/--05---t4WWH HTTP/1.1" 200 18393 "-" "Mozilla/5.0 (Linux; Android 7.0;) AppleWebKit/537.36 (KHTML, like Gecko) Mobile Safari/537.36 (compatible; PetalBot;+https://webmaster.petalsearch.com/site/petalbot)"
114.119.137.101 - - [23/May/2021:02:15:38 +0400] "GET /product/--335255mmA4-DWylD HTTP/1.1" 200 18714 "-" "Mozilla/5.0 (Linux; Android 7.0;) AppleWebKit/537.36 (KHTML, like Gecko) Mobile Safari/537.36 (compatible; PetalBot;+https://webmaster.petalsearch.com/site/petalbot)"
114.119.153.15 - - [23/May/2021:02:24:00 +0400] "GET /product/--110220-110-WW84J HTTP/1.1" 200 18495 "-" "Mozilla/5.0 (Linux; Android 7.0;) AppleWebKit/537.36 (KHTML, like Gecko) Mobile Safari/537.36 (compatible; PetalBot;+https://webmaster.petalsearch.com/site/petalbot)"
114.119.153.15 - - [23/May/2021:02:27:13 +0400] "GET /product/-Deli-Stationery-6KJNz HTTP/1.1" 200 18431 "-" "Mozilla/5.0 (Linux; Android 7.0;) AppleWebKit/537.36 (KHTML, like Gecko) Mobile Safari/537.36 (compatible; PetalBot;+https://webmaster.petalsearch.com/site/petalbot)"
54.36.148.54 - - [23/May/2021:02:27:52 +0400] "GET / HTTP/1.1" 200 16236 "-" "Mozilla/5.0 (compatible; AhrefsBot/7.0; +http://ahrefs.com/robot/)"
114.119.132.133 - - [23/May/2021:02:32:53 +0400] "GET /product/--A4-Deli-Stationery-5Ci63 HTTP/1.1" 200 18691 "-" "Mozilla/5.0 (Linux; Android 7.0;) AppleWebKit/537.36 (KHTML, like Gecko) Mobile Safari/537.36 (compatible; PetalBot;+https://webmaster.petalsearch.com/site/petalbot)"
157.55.39.78 - - [23/May/2021:02:36:03 +0400] "GET /product/--A4-160-250-160-7Cbt4 HTTP/1.1" 200 18402 "-" "Mozilla/5.0 (compatible; bingbot/2.0; +http://www.bing.com/bingbot.htm)"
114.119.143.119 - - [23/May/2021:02:38:24 +0400] "GET /search?category=-1uHBh&page=28 HTTP/1.1" 200 21221 "-" "Mozilla/5.0 (Linux; Android 7.0;) AppleWebKit/537.36 (KHTML, like Gecko) Mobile Safari/537.36 (compatible; PetalBot;+https://webmaster.petalsearch.com/site/petalbot)"
114.119.133.213 - - [23/May/2021:02:44:42 +0400] "GET /search?subcategory=%E1%83%A9%E1%83%90%E1%83%A1%E1%83%90%E1%83%9C%E1%83%98%E1%83%A8%E1%83%9C%E1%83%98-%2F-%E1%83%92%E1%83%95%E1%83%94%E1%83%A0%E1%83%93%E1%83%98%E1%83%A1-%E1%83%9B%E1%83%9D%E1%83%A1%E1%83%90%E1%83%9C%E1%83%98%E1%83%A8%E1%83%9C%E1%83%98&page=2 HTTP/1.1" 200 21216 "-" "Mozilla/5.0 (Linux; Android 7.0;) AppleWebKit/537.36 (KHTML, like Gecko) Mobile Safari/537.36 (compatible; PetalBot;+https://webmaster.petalsearch.com/site/petalbot)"
114.119.137.101 - - [23/May/2021:02:49:39 +0400] "GET /search?subcategory=%E1%83%A4%E1%83%90%E1%83%9C%E1%83%A5%E1%83%90%E1%83%A0%E1%83%98&page=1 HTTP/1.1" 200 21127 "-" "Mozilla/5.0 (Linux; Android 7.0;) AppleWebKit/537.36 (KHTML, like Gecko) Mobile Safari/537.36 (compatible; PetalBot;+https://webmaster.petalsearch.com/site/petalbot)"
157.55.39.129 - - [23/May/2021:02:49:48 +0400] "GET /product/--538-Deli-Stationery-eFRxP HTTP/1.1" 200 18333 "-" "Mozilla/5.0 (compatible; bingbot/2.0; +http://www.bing.com/bingbot.htm)"
157.55.39.78 - - [23/May/2021:02:50:32 +0400] "GET /public/uploads/products/thumbnail/6dydqkAh97n4pkY5gApYi6H1nFH6pEUsL9DOmMX5.jpeg HTTP/1.1" 200 54336 "-" "Mozilla/5.0 (compatible; bingbot/2.0; +http://www.bing.com/bingbot.htm)"
157.55.39.143 - - [23/May/2021:02:50:37 +0400] "GET /public/frontend/css/custom-style.css HTTP/1.1" 200 15407 "-" "Mozilla/5.0 (compatible; bingbot/2.0; +http://www.bing.com/bingbot.htm)"
157.55.39.143 - - [23/May/2021:02:50:37 +0400] "GET /public/uploads/products/thumbnail/U7oKdZ9eqUZJteLp5WfZgy5gxU3eX2qG68vDdN0i.png HTTP/1.1" 200 167853 "-" "Mozilla/5.0 (compatible; bingbot/2.0; +http://www.bing.com/bingbot.htm)"
157.55.39.143 - - [23/May/2021:02:50:39 +0400] "GET /public/uploads/products/thumbnail/qGWqy10Z9ESLEFCqI1y3vXqm4v5KfVtEwgym7J8K.jpeg HTTP/1.1" 200 106570 "-" "Mozilla/5.0 (compatible; bingbot/2.0; +http://www.bing.com/bingbot.htm)"
157.55.39.65 - - [23/May/2021:02:50:42 +0400] "GET /public/uploads/products/thumbnail/1yz83Dc3e33FY92Zu9JKuHEfrdw9QwdkNiNTqkmb.jpeg HTTP/1.1" 200 24490 "-" "Mozilla/5.0 (compatible; bingbot/2.0; +http://www.bing.com/bingbot.htm)"
157.55.39.99 - - [23/May/2021:02:50:47 +0400] "GET /public/frontend/css/fb-style.css HTTP/1.1" 200 281 "-" "Mozilla/5.0 (compatible; bingbot/2.0; +http://www.bing.com/bingbot.htm)"
157.55.39.99 - - [23/May/2021:02:50:47 +0400] "GET /public/uploads/products/thumbnail/XS9qnSQeHGuuvaFfHtptZgDRdaWd4Hyf9jeYXm5N.jpeg HTTP/1.1" 200 103493 "-" "Mozilla/5.0 (compatible; bingbot/2.0; +http://www.bing.com/bingbot.htm)"
157.55.39.99 - - [23/May/2021:02:50:48 +0400] "GET /public/uploads/products/thumbnail/zZWnzSHTIYhxHdSLIM3lYzRPwnv680OcNS0lddQ8.png HTTP/1.1" 200 311563 "-" "Mozilla/5.0 (compatible; bingbot/2.0; +http://www.bing.com/bingbot.htm)"
157.55.39.50 - - [23/May/2021:02:50:55 +0400] "GET /public/uploads/products/thumbnail/ACFpyWlkGn9l7LUQFXahR4KSCzRkN8jYfUQI1TDt.png HTTP/1.1" 200 477675 "-" "Mozilla/5.0 (compatible; bingbot/2.0; +http://www.bing.com/bingbot.htm)"
157.55.39.62 - - [23/May/2021:02:51:00 +0400] "GET /public/uploads/products/thumbnail/EiWJ32cRXfkkRQgZKLmh8VMKODKkuWbKjfP8AVzR.jpeg HTTP/1.1" 200 41719 "-" "Mozilla/5.0 (compatible; bingbot/2.0; +http://www.bing.com/bingbot.htm)"
157.55.39.62 - - [23/May/2021:02:51:00 +0400] "GET /public/uploads/products/thumbnail/nkG9U20FLelqNiOePgOOpDYrJ5Ih6ku5hcErq66Z.png HTTP/1.1" 200 473693 "-" "Mozilla/5.0 (compatible; bingbot/2.0; +http://www.bing.com/bingbot.htm)"
40.77.167.11 - - [23/May/2021:02:51:06 +0400] "GET /public/frontend/js/vendor/bootstrap.min.js HTTP/1.1" 200 14005 "-" "Mozilla/5.0 (compatible; bingbot/2.0; +http://www.bing.com/bingbot.htm)"
114.119.137.101 - - [23/May/2021:02:55:49 +0400] "GET /product/----Deli-Stationery-aoYw5 HTTP/1.1" 200 18640 "-" "Mozilla/5.0 (Linux; Android 7.0;) AppleWebKit/537.36 (KHTML, like Gecko) Mobile Safari/537.36 (compatible; PetalBot;+https://webmaster.petalsearch.com/site/petalbot)"
114.119.153.15 - - [23/May/2021:03:00:53 +0400] "GET /product/-2B-12-iyXhO HTTP/1.1" 200 18442 "-" "Mozilla/5.0 (Linux; Android 7.0;) AppleWebKit/537.36 (KHTML, like Gecko) Mobile Safari/537.36 (compatible; PetalBot;+https://webmaster.petalsearch.com/site/petalbot)"
54.36.149.49 - - [23/May/2021:03:01:29 +0400] "GET /search?subcategory=%E1%83%A1%E1%83%90%E1%83%AE%E1%83%90%E1%83%96%E1%83%90%E1%83%95%E1%83%98 HTTP/1.1" 200 21159 "-" "Mozilla/5.0 (compatible; AhrefsBot/7.0; +http://ahrefs.com/robot/)"
157.55.39.141 - - [23/May/2021:03:05:43 +0400] "GET /public/uploads/products/photos/YgSph5KfqGCVi2qautctDPGMRV8U25W4OLwQ2C66.jpeg HTTP/1.1" 200 91121 "-" "Mozilla/5.0 (compatible; bingbot/2.0; +http://www.bing.com/bingbot.htm)"
40.77.167.54 - - [23/May/2021:03:07:56 +0400] "GET /robots.txt HTTP/1.1" 404 918 "-" "Mozilla/5.0 (compatible; bingbot/2.0; +http://www.bing.com/bingbot.htm)"
40.77.167.54 - - [23/May/2021:03:07:58 +0400] "GET /robots.txt HTTP/1.1" 404 918 "-" "Mozilla/5.0 (compatible; bingbot/2.0; +http://www.bing.com/bingbot.htm)"
114.119.143.119 - - [23/May/2021:03:10:17 +0400] "GET /product/--Deli-Stationery-549vL HTTP/1.1" 200 17490 "-" "Mozilla/5.0 (Linux; Android 7.0;) AppleWebKit/537.36 (KHTML, like Gecko) Mobile Safari/537.36 (compatible; PetalBot;+https://webmaster.petalsearch.com/site/petalbot)"
40.77.167.54 - - [23/May/2021:03:13:23 +0400] "GET /robots.txt HTTP/1.1" 404 924 "-" "Mozilla/5.0 (compatible; bingbot/2.0; +http://www.bing.com/bingbot.htm)"
40.77.167.54 - - [23/May/2021:03:13:24 +0400] "GET /robots.txt HTTP/1.1" 404 924 "-" "Mozilla/5.0 (compatible; bingbot/2.0; +http://www.bing.com/bingbot.htm)"
66.249.64.117 - - [23/May/2021:03:18:43 +0400] "GET / HTTP/1.1" 200 16229 "-" "Mozilla/5.0 (compatible; Googlebot/2.1; +http://www.google.com/bot.html)"
157.55.39.143 - - [23/May/2021:03:21:56 +0400] "GET /product/variant_price HTTP/1.1" 404 994 "-" "Mozilla/5.0 (compatible; bingbot/2.0; +http://www.bing.com/bingbot.htm)"
157.55.39.129 - - [23/May/2021:03:22:02 +0400] "GET /public/frontend/js/sweetalert2.min.js HTTP/1.1" 200 11088 "-" "Mozilla/5.0 (compatible; bingbot/2.0; +http://www.bing.com/bingbot.htm)"
66.249.64.115 - - [23/May/2021:03:22:09 +0400] "GET /public/uploads/subcategories/banner/E9MbAY549Qt55sGtVb6uZrYTTrtEKXNNMTKq2wUc.jpeg HTTP/1.1" 200 227869 "-" "Googlebot-Image/1.0"
157.55.39.62 - - [23/May/2021:03:22:34 +0400] "GET /product/--A4-80-500-Double-A-cGIUG HTTP/1.1" 200 17391 "-" "Mozilla/5.0 (compatible; bingbot/2.0; +http://www.bing.com/bingbot.htm)"
114.119.132.133 - - [23/May/2021:03:24:20 +0400] "GET /product/-High-glossy-CGC150G-A4-50-tw0cZ HTTP/1.1" 200 18484 "-" "Mozilla/5.0 (Linux; Android 7.0;) AppleWebKit/537.36 (KHTML, like Gecko) Mobile Safari/537.36 (compatible; PetalBot;+https://webmaster.petalsearch.com/site/petalbot)"
114.119.132.133 - - [23/May/2021:03:29:53 +0400] "GET /product/----JR3qC HTTP/1.1" 200 18349 "-" "Mozilla/5.0 (Linux; Android 7.0;) AppleWebKit/537.36 (KHTML, like Gecko) Mobile Safari/537.36 (compatible; PetalBot;+https://webmaster.petalsearch.com/site/petalbot)"
66.249.64.113 - - [23/May/2021:03:32:58 +0400] "GET /public/uploads/subcategories/banner/E9MbAY549Qt55sGtVb6uZrYTTrtEKXNNMTKq2wUc.jpeg HTTP/1.1" 304 - "-" "Googlebot-Image/1.0"
114.119.153.137 - - [23/May/2021:03:35:07 +0400] "GET /product/---107X96-Deli-Stationery-QVNXn HTTP/1.1" 200 18348 "-" "Mozilla/5.0 (Linux; Android 7.0;) AppleWebKit/537.36 (KHTML, like Gecko) Mobile Safari/537.36 (compatible; PetalBot;+https://webmaster.petalsearch.com/site/petalbot)"
54.36.148.215 - - [23/May/2021:03:35:23 +0400] "GET /product/-250X175-82--Deli-Stationery-viaS5 HTTP/1.1" 200 18450 "-" "Mozilla/5.0 (compatible; AhrefsBot/7.0; +http://ahrefs.com/robot/)"
157.55.39.78 - - [23/May/2021:03:36:19 +0400] "GET /subcategory/8 HTTP/1.1" 200 16131 "-" "Mozilla/5.0 (compatible; bingbot/2.0; +http://www.bing.com/bingbot.htm)"
114.119.137.101 - - [23/May/2021:03:42:45 +0400] "GET /product/--05---2MawG HTTP/1.1" 200 18373 "-" "Mozilla/5.0 (Linux; Android 7.0;) AppleWebKit/537.36 (KHTML, like Gecko) Mobile Safari/537.36 (compatible; PetalBot;+https://webmaster.petalsearch.com/site/petalbot)"
114.119.153.137 - - [23/May/2021:03:46:16 +0400] "GET /product/--A4-100--Deli-Stationery-gondM HTTP/1.1" 200 17031 "-" "Mozilla/5.0 (Linux; Android 7.0;) AppleWebKit/537.36 (KHTML, like Gecko) Mobile Safari/537.36 (compatible; PetalBot;+https://webmaster.petalsearch.com/site/petalbot)"
157.55.39.99 - - [23/May/2021:03:48:42 +0400] "GET /search?subcategory=-6EOmL&page=2 HTTP/1.1" 200 21963 "-" "Mozilla/5.0 (compatible; bingbot/2.0; +http://www.bing.com/bingbot.htm)"
114.119.133.213 - - [23/May/2021:03:52:09 +0400] "GET /product/18----Deli-Stationery-PrTZj HTTP/1.1" 200 18152 "-" "Mozilla/5.0 (Linux; Android 7.0;) AppleWebKit/537.36 (KHTML, like Gecko) Mobile Safari/537.36 (compatible; PetalBot;+https://webmaster.petalsearch.com/site/petalbot)"
157.55.39.99 - - [23/May/2021:03:53:32 +0400] "GET /search?subcategory=-284ch HTTP/1.1" 200 22006 "-" "Mozilla/5.0 (compatible; bingbot/2.0; +http://www.bing.com/bingbot.htm)"
114.119.132.133 - - [23/May/2021:03:57:40 +0400] "GET /search?brand=Deli-Stationery&page=63 HTTP/1.1" 200 19059 "-" "Mozilla/5.0 (Linux; Android 7.0;) AppleWebKit/537.36 (KHTML, like Gecko) Mobile Safari/537.36 (compatible; PetalBot;+https://webmaster.petalsearch.com/site/petalbot)"
114.119.133.213 - - [23/May/2021:04:05:01 +0400] "GET /product/--05--Cello-VRqsI HTTP/1.1" 200 18284 "-" "Mozilla/5.0 (Linux; Android 7.0;) AppleWebKit/537.36 (KHTML, like Gecko) Mobile Safari/537.36 (compatible; PetalBot;+https://webmaster.petalsearch.com/site/petalbot)"
114.119.137.101 - - [23/May/2021:04:09:11 +0400] "GET /product/--538-Deli-Stationery-w72J8 HTTP/1.1" 200 18437 "-" "Mozilla/5.0 (Linux; Android 7.0;) AppleWebKit/537.36 (KHTML, like Gecko) Mobile Safari/537.36 (compatible; PetalBot;+https://webmaster.petalsearch.com/site/petalbot)"
54.36.148.37 - - [23/May/2021:04:09:22 +0400] "GET /product/-80--Deli-Stationery-FE1Vg HTTP/1.1" 200 18510 "-" "Mozilla/5.0 (compatible; AhrefsBot/7.0; +http://ahrefs.com/robot/)"
114.119.131.202 - - [23/May/2021:04:15:46 +0400] "GET /product/--RamdR HTTP/1.1" 200 18470 "-" "Mozilla/5.0 (Linux; Android 7.0;) AppleWebKit/537.36 (KHTML, like Gecko) Mobile Safari/537.36 (compatible; PetalBot;+https://webmaster.petalsearch.com/site/petalbot)"
114.119.135.199 - - [23/May/2021:04:20:46 +0400] "GET /product/--A4-75-100-GR-321-uD0yX HTTP/1.1" 200 18407 "-" "Mozilla/5.0 (Linux; Android 7.0;) AppleWebKit/537.36 (KHTML, like Gecko) Mobile Safari/537.36 (compatible; PetalBot;+https://webmaster.petalsearch.com/site/petalbot)"
114.119.143.119 - - [23/May/2021:04:26:08 +0400] "GET /product/--310210mmA4-fLpbD HTTP/1.1" 200 18719 "-" "Mozilla/5.0 (Linux; Android 7.0;) AppleWebKit/537.36 (KHTML, like Gecko) Mobile Safari/537.36 (compatible; PetalBot;+https://webmaster.petalsearch.com/site/petalbot)"
114.119.131.202 - - [23/May/2021:04:32:06 +0400] "GET /product/--125-E7303S-DELI-SieSl HTTP/1.1" 200 18612 "-" "Mozilla/5.0 (Linux; Android 7.0;) AppleWebKit/537.36 (KHTML, like Gecko) Mobile Safari/537.36 (compatible; PetalBot;+https://webmaster.petalsearch.com/site/petalbot)"
157.55.39.57 - - [23/May/2021:04:32:36 +0400] "GET /public/uploads/products/photos/frupErlrtdYHa6DW9Rjw4aZwypHWHSAyakFyWPBJ.png HTTP/1.1" 200 722226 "-" "Mozilla/5.0 (compatible; bingbot/2.0; +http://www.bing.com/bingbot.htm)"
114.119.146.109 - - [23/May/2021:04:39:06 +0400] "GET /product/-4-12-100-210x1485---2--Tanex-ID030 HTTP/1.1" 200 18572 "-" "Mozilla/5.0 (Linux; Android 7.0;) AppleWebKit/537.36 (KHTML, like Gecko) Mobile Safari/537.36 (compatible; PetalBot;+https://webmaster.petalsearch.com/site/petalbot)"
54.36.148.215 - - [23/May/2021:04:42:12 +0400] "GET /products?page=27 HTTP/1.1" 200 21775 "-" "Mozilla/5.0 (compatible; AhrefsBot/7.0; +http://ahrefs.com/robot/)"
114.119.153.15 - - [23/May/2021:04:45:26 +0400] "GET /search?subcategory=Bindingcover HTTP/1.1" 200 18119 "-" "Mozilla/5.0 (Linux; Android 7.0;) AppleWebKit/537.36 (KHTML, like Gecko) Mobile Safari/537.36 (compatible; PetalBot;+https://webmaster.petalsearch.com/site/petalbot)"
157.55.39.141 - - [23/May/2021:04:49:05 +0400] "GET /search?category=-5Tnbk HTTP/1.1" 200 21241 "-" "Mozilla/5.0 (compatible; bingbot/2.0; +http://www.bing.com/bingbot.htm)"
114.119.153.15 - - [23/May/2021:04:49:47 +0400] "GET /product/-A4-030-100-HL-253-30-pehKE HTTP/1.1" 200 18451 "-" "Mozilla/5.0 (Linux; Android 7.0;) AppleWebKit/537.36 (KHTML, like Gecko) Mobile Safari/537.36 (compatible; PetalBot;+https://webmaster.petalsearch.com/site/petalbot)"
114.119.137.101 - - [23/May/2021:04:56:56 +0400] "GET /product/--50-NskXT HTTP/1.1" 200 18433 "-" "Mozilla/5.0 (Linux; Android 7.0;) AppleWebKit/537.36 (KHTML, like Gecko) Mobile Safari/537.36 (compatible; PetalBot;+https://webmaster.petalsearch.com/site/petalbot)"
114.119.143.119 - - [23/May/2021:05:08:14 +0400] "GET /search?brand=Deli-Stationery&page=56 HTTP/1.1" 200 19056 "-" "Mozilla/5.0 (Linux; Android 7.0;) AppleWebKit/537.36 (KHTML, like Gecko) Mobile Safari/537.36 (compatible; PetalBot;+https://webmaster.petalsearch.com/site/petalbot)"
114.119.153.15 - - [23/May/2021:05:11:49 +0400] "GET /search?subcategory=-O11ia&page=1 HTTP/1.1" 200 21219 "-" "Mozilla/5.0 (Linux; Android 7.0;) AppleWebKit/537.36 (KHTML, like Gecko) Mobile Safari/537.36 (compatible; PetalBot;+https://webmaster.petalsearch.com/site/petalbot)"
157.55.39.78 - - [23/May/2021:05:13:58 +0400] "GET /public/uploads/products/photos/rtwvXNbitGLLECU7LlASm071avKvViZxe7ZAchbP.jpeg HTTP/1.1" 200 216600 "-" "Mozilla/5.0 (compatible; bingbot/2.0; +http://www.bing.com/bingbot.htm)"
54.36.148.215 - - [23/May/2021:05:14:52 +0400] "GET /product/---DA-auLPw HTTP/1.1" 200 18347 "-" "Mozilla/5.0 (compatible; AhrefsBot/7.0; +http://ahrefs.com/robot/)"
114.119.137.101 - - [23/May/2021:05:18:20 +0400] "GET /search?subcategory=%E1%83%A9%E1%83%90%E1%83%A1%E1%83%90%E1%83%9C%E1%83%98%E1%83%A8%E1%83%9C%E1%83%98-%2F-%E1%83%92%E1%83%95%E1%83%94%E1%83%A0%E1%83%93%E1%83%98%E1%83%A1-%E1%83%9B%E1%83%9D%E1%83%A1%E1%83%90%E1%83%9C%E1%83%98%E1%83%A8%E1%83%9C%E1%83%98&page=4 HTTP/1.1" 200 20645 "-" "Mozilla/5.0 (Linux; Android 7.0;) AppleWebKit/537.36 (KHTML, like Gecko) Mobile Safari/537.36 (compatible; PetalBot;+https://webmaster.petalsearch.com/site/petalbot)"
114.119.143.119 - - [23/May/2021:05:23:50 +0400] "GET /product/--5-OmKM3 HTTP/1.1" 200 18673 "-" "Mozilla/5.0 (Linux; Android 7.0;) AppleWebKit/537.36 (KHTML, like Gecko) Mobile Safari/537.36 (compatible; PetalBot;+https://webmaster.petalsearch.com/site/petalbot)"
54.36.148.187 - - [23/May/2021:05:25:13 +0400] "GET /search?subcategory=%E1%83%A1%E1%83%90%E1%83%97%E1%83%9A%E1%83%94%E1%83%9A%E1%83%98&page=2 HTTP/1.1" 200 21048 "-" "Mozilla/5.0 (compatible; AhrefsBot/7.0; +http://ahrefs.com/robot/)"
114.119.153.137 - - [23/May/2021:05:28:42 +0400] "GET /product/--Deli-Stationery-QjJjn HTTP/1.1" 200 18363 "-" "Mozilla/5.0 (Linux; Android 7.0;) AppleWebKit/537.36 (KHTML, like Gecko) Mobile Safari/537.36 (compatible; PetalBot;+https://webmaster.petalsearch.com/site/petalbot)"
114.119.153.137 - - [23/May/2021:05:35:33 +0400] "GET /product/-A5-80--Deli-Stationery-08EEC HTTP/1.1" 200 18541 "-" "Mozilla/5.0 (Linux; Android 7.0;) AppleWebKit/537.36 (KHTML, like Gecko) Mobile Safari/537.36 (compatible; PetalBot;+https://webmaster.petalsearch.com/site/petalbot)"
114.119.137.101 - - [23/May/2021:05:40:04 +0400] "GET /product/---SNeeD HTTP/1.1" 200 18738 "-" "Mozilla/5.0 (Linux; Android 7.0;) AppleWebKit/537.36 (KHTML, like Gecko) Mobile Safari/537.36 (compatible; PetalBot;+https://webmaster.petalsearch.com/site/petalbot)"
54.36.148.201 - - [23/May/2021:05:45:50 +0400] "GET /search?subcategory=-iJuq0 HTTP/1.1" 200 19024 "-" "Mozilla/5.0 (compatible; AhrefsBot/7.0; +http://ahrefs.com/robot/)"
114.119.153.15 - - [23/May/2021:05:48:35 +0400] "GET /product/-40--Deli-Stationery-D1aiC HTTP/1.1" 200 18580 "-" "Mozilla/5.0 (Linux; Android 7.0;) AppleWebKit/537.36 (KHTML, like Gecko) Mobile Safari/537.36 (compatible; PetalBot;+https://webmaster.petalsearch.com/site/petalbot)"
114.119.135.187 - - [23/May/2021:05:51:01 +0400] "GET /robots.txt HTTP/1.1" 404 918 "-" "Mozilla/5.0 (compatible;PetalBot;+https://webmaster.petalsearch.com/site/petalbot)"
66.249.64.117 - - [23/May/2021:05:53:42 +0400] "GET /robots.txt HTTP/1.1" 404 918 "-" "Mozilla/5.0 (compatible; Googlebot/2.1; +http://www.google.com/bot.html)"
66.249.64.115 - - [23/May/2021:05:53:43 +0400] "GET /public/uploads/products/meta/GC5fK5B5fyendawT677fcnORytN9oLMkcHtFx503.jpeg HTTP/1.1" 200 209373 "-" "Googlebot-Image/1.0"
114.119.137.101 - - [23/May/2021:05:59:25 +0400] "GET /search?brand=Deli-Stationery HTTP/1.1" 200 21934 "-" "Mozilla/5.0 (Linux; Android 7.0;) AppleWebKit/537.36 (KHTML, like Gecko) Mobile Safari/537.36 (compatible; PetalBot;+https://webmaster.petalsearch.com/site/petalbot)"
114.119.137.101 - - [23/May/2021:06:05:02 +0400] "GET /product/--5-6WQPB HTTP/1.1" 200 17447 "-" "Mozilla/5.0 (Linux; Android 7.0;) AppleWebKit/537.36 (KHTML, like Gecko) Mobile Safari/537.36 (compatible; PetalBot;+https://webmaster.petalsearch.com/site/petalbot)"
114.119.133.213 - - [23/May/2021:06:10:00 +0400] "GET /product/--30-6-Deli-Stationery-LqWMG HTTP/1.1" 200 17739 "-" "Mozilla/5.0 (Linux; Android 7.0;) AppleWebKit/537.36 (KHTML, like Gecko) Mobile Safari/537.36 (compatible; PetalBot;+https://webmaster.petalsearch.com/site/petalbot)"
114.119.143.119 - - [23/May/2021:06:16:07 +0400] "GET /product/-2325-210--Deli-Stationery-uHxiJ HTTP/1.1" 200 18426 "-" "Mozilla/5.0 (Linux; Android 7.0;) AppleWebKit/537.36 (KHTML, like Gecko) Mobile Safari/537.36 (compatible; PetalBot;+https://webmaster.petalsearch.com/site/petalbot)"
54.36.149.75 - - [23/May/2021:06:19:52 +0400] "GET / HTTP/1.1" 200 16260 "-" "Mozilla/5.0 (compatible; AhrefsBot/7.0; +http://ahrefs.com/robot/)"
114.119.153.15 - - [23/May/2021:06:20:17 +0400] "GET /product/6--------4--ZhXXB HTTP/1.1" 200 16659 "-" "Mozilla/5.0 (Linux; Android 7.0;) AppleWebKit/537.36 (KHTML, like Gecko) Mobile Safari/537.36 (compatible; PetalBot;+https://webmaster.petalsearch.com/site/petalbot)"
40.77.167.11 - - [23/May/2021:06:25:49 +0400] "GET /search?subcategory=-O11ia HTTP/1.1" 200 21221 "-" "Mozilla/5.0 (compatible; bingbot/2.0; +http://www.bing.com/bingbot.htm)"
114.119.131.202 - - [23/May/2021:06:26:04 +0400] "GET /product/-12-ZzIow HTTP/1.1" 200 18279 "-" "Mozilla/5.0 (Linux; Android 7.0;) AppleWebKit/537.36 (KHTML, like Gecko) Mobile Safari/537.36 (compatible; PetalBot;+https://webmaster.petalsearch.com/site/petalbot)"
114.119.153.15 - - [23/May/2021:06:34:03 +0400] "GET /product/-Super-glue-3-Deli-Stationery-nUBvw HTTP/1.1" 200 18456 "-" "Mozilla/5.0 (Linux; Android 7.0;) AppleWebKit/537.36 (KHTML, like Gecko) Mobile Safari/537.36 (compatible; PetalBot;+https://webmaster.petalsearch.com/site/petalbot)"
114.119.153.15 - - [23/May/2021:06:38:22 +0400] "GET /product/-Deli-Stationery-KSPLt HTTP/1.1" 200 18553 "-" "Mozilla/5.0 (Linux; Android 7.0;) AppleWebKit/537.36 (KHTML, like Gecko) Mobile Safari/537.36 (compatible; PetalBot;+https://webmaster.petalsearch.com/site/petalbot)"
114.119.146.109 - - [23/May/2021:06:43:04 +0400] "GET /terms HTTP/1.1" 200 14069 "-" "Mozilla/5.0 (Linux; Android 7.0;) AppleWebKit/537.36 (KHTML, like Gecko) Mobile Safari/537.36 (compatible; PetalBot;+https://webmaster.petalsearch.com/site/petalbot)"
114.119.133.213 - - [23/May/2021:06:48:54 +0400] "GET /search?brand=Deli-Stationery&page=21 HTTP/1.1" 200 21829 "-" "Mozilla/5.0 (Linux; Android 7.0;) AppleWebKit/537.36 (KHTML, like Gecko) Mobile Safari/537.36 (compatible; PetalBot;+https://webmaster.petalsearch.com/site/petalbot)"
54.36.148.82 - - [23/May/2021:06:51:38 +0400] "GET /product/---400--Deli-Stationery-FDTB5 HTTP/1.1" 200 18499 "-" "Mozilla/5.0 (compatible; AhrefsBot/7.0; +http://ahrefs.com/robot/)"
114.119.143.119 - - [23/May/2021:06:55:36 +0400] "GET /product/--Bullet-tip-05mm-BLACK-u5xdS HTTP/1.1" 200 18448 "-" "Mozilla/5.0 (Linux; Android 7.0;) AppleWebKit/537.36 (KHTML, like Gecko) Mobile Safari/537.36 (compatible; PetalBot;+https://webmaster.petalsearch.com/site/petalbot)"
114.119.132.133 - - [23/May/2021:07:00:35 +0400] "GET /search?category=-5Tnbk&page=3 HTTP/1.1" 200 21258 "-" "Mozilla/5.0 (Linux; Android 7.0;) AppleWebKit/537.36 (KHTML, like Gecko) Mobile Safari/537.36 (compatible; PetalBot;+https://webmaster.petalsearch.com/site/petalbot)"
114.119.135.199 - - [23/May/2021:07:06:51 +0400] "GET /search?brand=Deli-Stationery&page=24 HTTP/1.1" 200 21875 "-" "Mozilla/5.0 (Linux; Android 7.0;) AppleWebKit/537.36 (KHTML, like Gecko) Mobile Safari/537.36 (compatible; PetalBot;+https://webmaster.petalsearch.com/site/petalbot)"
114.119.150.226 - - [23/May/2021:07:13:06 +0400] "GET /product/----Deli-Stationery-3YhW0 HTTP/1.1" 200 18405 "-" "Mozilla/5.0 (Linux; Android 7.0;) AppleWebKit/537.36 (KHTML, like Gecko) Mobile Safari/537.36 (compatible; PetalBot;+https://webmaster.petalsearch.com/site/petalbot)"
114.119.135.199 - - [23/May/2021:07:18:15 +0400] "GET /product/-HB-12-4-i73QK HTTP/1.1" 200 18500 "-" "Mozilla/5.0 (Linux; Android 7.0;) AppleWebKit/537.36 (KHTML, like Gecko) Mobile Safari/537.36 (compatible; PetalBot;+https://webmaster.petalsearch.com/site/petalbot)"
54.36.148.111 - - [23/May/2021:07:23:18 +0400] "GET /search?subcategory=-KImHp HTTP/1.1" 200 19436 "-" "Mozilla/5.0 (compatible; AhrefsBot/7.0; +http://ahrefs.com/robot/)"
114.119.135.199 - - [23/May/2021:07:24:02 +0400] "GET /product/--Roller-Pen-05mm-BLUE-95Zwi HTTP/1.1" 200 18389 "-" "Mozilla/5.0 (Linux; Android 7.0;) AppleWebKit/537.36 (KHTML, like Gecko) Mobile Safari/537.36 (compatible; PetalBot;+https://webmaster.petalsearch.com/site/petalbot)"
114.119.137.101 - - [23/May/2021:07:32:37 +0400] "GET /product/--KRScp HTTP/1.1" 200 18553 "-" "Mozilla/5.0 (Linux; Android 7.0;) AppleWebKit/537.36 (KHTML, like Gecko) Mobile Safari/537.36 (compatible; PetalBot;+https://webmaster.petalsearch.com/site/petalbot)"
114.119.146.109 - - [23/May/2021:07:36:09 +0400] "GET /product/-A4--0554-ACI8O HTTP/1.1" 200 18245 "-" "Mozilla/5.0 (Linux; Android 7.0;) AppleWebKit/537.36 (KHTML, like Gecko) Mobile Safari/537.36 (compatible; PetalBot;+https://webmaster.petalsearch.com/site/petalbot)"
114.119.150.226 - - [23/May/2021:07:40:39 +0400] "GET /product/--Deli-Stationery-FCIOW HTTP/1.1" 200 18581 "-" "Mozilla/5.0 (Linux; Android 7.0;) AppleWebKit/537.36 (KHTML, like Gecko) Mobile Safari/537.36 (compatible; PetalBot;+https://webmaster.petalsearch.com/site/petalbot)"
114.119.150.226 - - [23/May/2021:07:46:22 +0400] "GET /product/-A4-40--Deli-Stationery-b2FsY HTTP/1.1" 200 18451 "-" "Mozilla/5.0 (Linux; Android 7.0;) AppleWebKit/537.36 (KHTML, like Gecko) Mobile Safari/537.36 (compatible; PetalBot;+https://webmaster.petalsearch.com/site/petalbot)"
157.55.39.99 - - [23/May/2021:07:53:16 +0400] "GET /product/-4-116-100-991x34---16--Tanex-gPsLB HTTP/1.1" 200 18603 "-" "Mozilla/5.0 (compatible; bingbot/2.0; +http://www.bing.com/bingbot.htm)"
114.119.131.202 - - [23/May/2021:07:54:47 +0400] "GET /products?page=10 HTTP/1.1" 200 21872 "-" "Mozilla/5.0 (Linux; Android 7.0;) AppleWebKit/537.36 (KHTML, like Gecko) Mobile Safari/537.36 (compatible; PetalBot;+https://webmaster.petalsearch.com/site/petalbot)"
54.36.148.145 - - [23/May/2021:07:55:25 +0400] "GET /product/--9iMtJ HTTP/1.1" 200 18663 "-" "Mozilla/5.0 (compatible; AhrefsBot/7.0; +http://ahrefs.com/robot/)"
157.55.39.141 - - [23/May/2021:07:56:18 +0400] "GET /search?brand=Double-A-ZGxQE HTTP/1.1" 200 22007 "-" "Mozilla/5.0 (compatible; bingbot/2.0; +http://www.bing.com/bingbot.htm)"
114.119.150.226 - - [23/May/2021:07:59:20 +0400] "GET /product/-A4-98--Deli-Stationery-yJliu HTTP/1.1" 200 18453 "-" "Mozilla/5.0 (Linux; Android 7.0;) AppleWebKit/537.36 (KHTML, like Gecko) Mobile Safari/537.36 (compatible; PetalBot;+https://webmaster.petalsearch.com/site/petalbot)"
114.119.131.202 - - [23/May/2021:08:03:57 +0400] "GET /subcategory/19 HTTP/1.1" 200 14765 "-" "Mozilla/5.0 (Linux; Android 7.0;) AppleWebKit/537.36 (KHTML, like Gecko) Mobile Safari/537.36 (compatible; PetalBot;+https://webmaster.petalsearch.com/site/petalbot)"
114.119.133.213 - - [23/May/2021:08:10:35 +0400] "GET /product/--29-200--Deli-Stationery-I6LGc HTTP/1.1" 200 18392 "-" "Mozilla/5.0 (Linux; Android 7.0;) AppleWebKit/537.36 (KHTML, like Gecko) Mobile Safari/537.36 (compatible; PetalBot;+https://webmaster.petalsearch.com/site/petalbot)"
